Archive member included because of file (symbol)

/opt/microchip/xc32/v1.21/bin/../lib/gcc/pic32mx/4.5.2/../../../../pic32mx/lib/libmchp_peripheral.a(open_core_timer_lib.o)
                              build/default/production/src/io.o (OpenCoreTimer)
/opt/microchip/xc32/v1.21/bin/../lib/gcc/pic32mx/4.5.2/../../../../pic32mx/lib/libmchp_peripheral.a(update_core_timer_lib.o)
                              build/default/production/src/io.o (UpdateCoreTimer)
/opt/microchip/xc32/v1.21/bin/../lib/gcc/pic32mx/4.5.2/../../../../pic32mx/lib/libmchp_peripheral.a(read_core_timer_lib.o)
                              build/default/production/src/io.o (ReadCoreTimer)
/opt/microchip/xc32/v1.21/bin/../lib/gcc/pic32mx/4.5.2/../../../../pic32mx/lib/libmchp_peripheral_32MX795F512L.a(pcache.o)
                              build/default/production/main.o (CheKseg0CacheOn)
/opt/microchip/xc32/v1.21/bin/../lib/gcc/pic32mx/4.5.2/../../../../pic32mx/lib/libmchp_peripheral_32MX795F512L.a(int_enable_interrupts_lib.o)
                              build/default/production/_ext/1309711782/usb_device.o (INTEnableInterrupts)
/opt/microchip/xc32/v1.21/bin/../lib/gcc/pic32mx/4.5.2/../../../../pic32mx/lib/libmchp_peripheral_32MX795F512L.a(int_disable_interrupts_lib.o)
                              build/default/production/main.o (INTDisableInterrupts)
/opt/microchip/xc32/v1.21/bin/../lib/gcc/pic32mx/4.5.2/../../../../pic32mx/lib/libmchp_peripheral_32MX795F512L.a(int_restore_interrupts_lib.o)
                              build/default/production/main.o (INTRestoreInterrupts)
/opt/microchip/xc32/v1.21/bin/../lib/gcc/pic32mx/4.5.2/../../../../pic32mx/lib/libmchp_peripheral_32MX795F512L.a(int_enable_mv_int_lib.o)
                              build/default/production/_ext/1309711782/usb_device.o (INTEnableSystemMultiVectoredInt)
/opt/microchip/xc32/v1.21/bin/../lib/gcc/pic32mx/4.5.2/../../../../pic32mx/lib/libmchp_peripheral_32MX795F512L.a(int_tbl_lib.o)
                              build/default/production/src/rn131.o (INTClearFlag)
/opt/microchip/xc32/v1.21/bin/../lib/gcc/pic32mx/4.5.2/../../../../pic32mx/lib/libmchp_peripheral_32MX795F512L.a(spi_getc_spi1_lib_legacy.o)
                              build/default/production/_ext/1325148362/SD-SPI.o (getcSPI1)
/opt/microchip/xc32/v1.21/bin/../lib/gcc/pic32mx/4.5.2/../../../../pic32mx/lib/libmchp_peripheral_32MX795F512L.a(spi_open_spi1_lib_legacy.o)
                              build/default/production/_ext/1325148362/SD-SPI.o (OpenSPI1)
/opt/microchip/xc32/v1.21/bin/../lib/gcc/pic32mx/4.5.2/../../../../pic32mx/lib/libmchp_peripheral_32MX795F512L.a(spi_brg_tbl_lib_legacy.o)
                              /opt/microchip/xc32/v1.21/bin/../lib/gcc/pic32mx/4.5.2/../../../../pic32mx/lib/libmchp_peripheral_32MX795F512L.a(spi_open_spi1_lib_legacy.o) (_SpiBrgConvTbl)
/opt/microchip/xc32/v1.21/bin/../lib/gcc/pic32mx/4.5.2/../../../../pic32mx/lib/libmchp_peripheral_32MX795F512L.a(dma_chn_set_ev_enable_flags_lib.o)
                              build/default/production/src/rn131.o (DmaChnSetEvEnableFlags)
/opt/microchip/xc32/v1.21/bin/../lib/gcc/pic32mx/4.5.2/../../../../pic32mx/lib/libmchp_peripheral_32MX795F512L.a(dma_chn_clr_ev_flags_lib.o)
                              build/default/production/src/rn131.o (DmaChnClrEvFlags)
/opt/microchip/xc32/v1.21/bin/../lib/gcc/pic32mx/4.5.2/../../../../pic32mx/lib/libmchp_peripheral_32MX795F512L.a(dma_chn_open_lib.o)
                              build/default/production/src/rn131.o (DmaChnOpen)
/opt/microchip/xc32/v1.21/bin/../lib/gcc/pic32mx/4.5.2/../../../../pic32mx/lib/libmchp_peripheral_32MX795F512L.a(dma_chn_disable_lib.o)
                              build/default/production/src/rn131.o (DmaChnDisable)
/opt/microchip/xc32/v1.21/bin/../lib/gcc/pic32mx/4.5.2/../../../../pic32mx/lib/libmchp_peripheral_32MX795F512L.a(dma_chn_enable_lib.o)
                              build/default/production/src/rn131.o (DmaChnEnable)
/opt/microchip/xc32/v1.21/bin/../lib/gcc/pic32mx/4.5.2/../../../../pic32mx/lib/libmchp_peripheral_32MX795F512L.a(dma_chn_get_ev_flags_lib.o)
                              build/default/production/src/rn131.o (DmaChnGetEvFlags)
/opt/microchip/xc32/v1.21/bin/../lib/gcc/pic32mx/4.5.2/../../../../pic32mx/lib/libmchp_peripheral_32MX795F512L.a(dma_chn_write_event_control_flags_lib.o)
                              build/default/production/src/rn131.o (DmaChnWriteEventControlFlags)
/opt/microchip/xc32/v1.21/bin/../lib/gcc/pic32mx/4.5.2/../../../../pic32mx/lib/libmchp_peripheral_32MX795F512L.a(dma_chn_set_match_pattern_lib.o)
                              build/default/production/src/rn131.o (DmaChnSetMatchPattern)
/opt/microchip/xc32/v1.21/bin/../lib/gcc/pic32mx/4.5.2/../../../../pic32mx/lib/libmchp_peripheral_32MX795F512L.a(dma_chn_set_txfer_lib.o)
                              build/default/production/src/rn131.o (DmaChnSetTxfer)
[...]
Memory Configuration

Name             Origin             Length             Attributes
kseg0_program_mem 0x9d000000         0x00080000         xr
kseg0_boot_mem   0x9fc00490         0x00000970
exception_mem    0x9fc01000         0x00001000
kseg1_boot_mem   0xbfc00000         0x00000490
debug_exec_mem   0xbfc02000         0x00000ff0
config3          0xbfc02ff0         0x00000004
config2          0xbfc02ff4         0x00000004
config1          0xbfc02ff8         0x00000004
config0          0xbfc02ffc         0x00000004
kseg1_data_mem   0xa0000000         0x00020000         w !x
sfrs             0xbf800000         0x00100000
configsfrs       0xbfc02ff0         0x00000010
*default*        0x00000000         0xffffffff

Linker script and memory map

LOAD /opt/microchip/xc32/v1.21/bin/../lib/gcc/pic32mx/4.5.2/../../../../pic32mx/lib/crt0.o
LOAD build/default/production/src/adxl345.o
LOAD build/default/production/src/imu.o
LOAD build/default/production/src/itg3200.o
LOAD build/default/production/src/io.o
LOAD build/default/production/src/pwm.o
LOAD build/default/production/src/rn131.o
LOAD build/default/production/_ext/1325148362/FSIO.o
LOAD build/default/production/_ext/1325148362/SD-SPI.o
LOAD build/default/production/src/spektrumRX.o
LOAD build/default/production/src/ultrasonic.o
LOAD build/default/production/src/usb_descriptors.o
LOAD build/default/production/src/usb_callback.o
LOAD build/default/production/_ext/1309711782/usb_device.o
LOAD build/default/production/_ext/1163386593/usb_function_cdc.o
LOAD build/default/production/main.o
                0x00000001                __MPLAB_BUILD = 0x1
LOAD /opt/microchip/xc32/v1.21/bin/../lib/gcc/pic32mx/4.5.2/../../../../pic32mx/lib/./proc/32MX795F512L/default_isr_vectors.o
                0x00000400                PROVIDE (_min_stack_size, 0x400)
LOAD /opt/microchip/xc32/v1.21/bin/../lib/gcc/pic32mx/4.5.2/../../../../pic32mx/lib/./proc/32MX795F512L/processor.o
START GROUP
LOAD /opt/microchip/xc32/v1.21/bin/../lib/gcc/pic32mx/4.5.2/../../../../pic32mx/lib/libmchp_peripheral.a
END GROUP
START GROUP
LOAD /opt/microchip/xc32/v1.21/bin/../lib/gcc/pic32mx/4.5.2/../../../../pic32mx/lib/libmchp_peripheral_32MX795F512L.a
END GROUP
                0x00000001                PROVIDE (_vector_spacing, 0x1)
                0x9fc01000                _ebase_address = 0x9fc01000
                0xbfc00000                _RESET_ADDR = 0xbfc00000
                0xbfc00380                _BEV_EXCPT_ADDR = 0xbfc00380
                0xbfc00480                _DBG_EXCPT_ADDR = 0xbfc00480
                0xbfc02000                _DBG_CODE_ADDR = 0xbfc02000
                0x00000ff0                _DBG_CODE_SIZE = 0xff0
                0x9fc01180                _GEN_EXCPT_ADDR = (_ebase_address + 0x180)

.config_BFC02FF0
 *(.config_BFC02FF0)

.config_BFC02FF4
                0xbfc02ff4        0x4
 *(.config_BFC02FF4)
 .config_BFC02FF4
                0xbfc02ff4        0x4 build/default/production/main.o

.config_BFC02FF8
                0xbfc02ff8        0x4
 *(.config_BFC02FF8)
 .config_BFC02FF8
                0xbfc02ff8        0x4 build/default/production/main.o

.config_BFC02FFC
                0xbfc02ffc        0x4
 *(.config_BFC02FFC)
 .config_BFC02FFC
                0xbfc02ffc        0x4 build/default/production/main.o
                0xbfc02000                PROVIDE (_DBG_CODE_ADDR, 0xbfc02000)
                0x00000ff0                PROVIDE (_DBG_CODE_SIZE, 0xff0)

.reset          0xbfc00000      0x1f4
 *(.reset)
 .reset         0xbfc00000       0x10 /opt/microchip/xc32/v1.21/bin/../lib/gcc/pic32mx/4.5.2/../../../../pic32mx/lib/crt0.o
                0xbfc00000                _reset
 *(.reset.startup)
 .reset.startup
                0xbfc00010      0x1e4 /opt/microchip/xc32/v1.21/bin/../lib/gcc/pic32mx/4.5.2/../../../../pic32mx/lib/crt0.o

.bev_excpt      0xbfc00380       0x10
 *(.bev_handler)
 .bev_handler   0xbfc00380       0x10 /opt/microchip/xc32/v1.21/bin/../lib/gcc/pic32mx/4.5.2/../../../../pic32mx/lib/crt0.o

.dbg_excpt      0xbfc00480        0x0
                0xbfc00480                . = (. + DEFINED (_DEBUGGER)?0x8:0x0)

.dbg_code       0xbfc02000        0x0
                0xbfc02000                . = (. + DEFINED (_DEBUGGER)?_DBG_CODE_SIZE:0x0)

.app_excpt      0x9fc01180       0x10
 *(.gen_handler)
 .gen_handler   0x9fc01180       0x10 /opt/microchip/xc32/v1.21/bin/../lib/gcc/pic32mx/4.5.2/../../../../pic32mx/lib/crt0.o

.vector_0       0x9fc01200        0x8
 *(.vector_0)
 .vector_0      0x9fc01200        0x8 build/default/production/src/io.o
                0x9fc01200                __vector_dispatch_0
                0x00000001                ASSERT (((_vector_spacing == 0x0) || (SIZEOF (.vector_0) <= (_vector_spacing << 0x5))), function at exception vector 0 too large)

.vector_1       0x9fc01220        0x8
 *(.vector_1)
 .vector_1      0x9fc01220        0x8 /opt/microchip/xc32/v1.21/bin/../lib/gcc/pic32mx/4.5.2/../../../../pic32mx/lib/libpic32.a(vector1.o)
                0x9fc01220                __vector_dispatch_1
                0x00000001                ASSERT (((_vector_spacing == 0x0) || (SIZEOF (.vector_1) <= (_vector_spacing << 0x5))), function at exception vector 1 too large)

.vector_2       0x9fc01240        0x8
 *(.vector_2)
 .vector_2      0x9fc01240        0x8 /opt/microchip/xc32/v1.21/bin/../lib/gcc/pic32mx/4.5.2/../../../../pic32mx/lib/libpic32.a(vector2.o)
                0x9fc01240                __vector_dispatch_2
                0x00000001                ASSERT (((_vector_spacing == 0x0) || (SIZEOF (.vector_2) <= (_vector_spacing << 0x5))), function at exception vector 2 too large)

.vector_3       0x9fc01260        0x8
 *(.vector_3)
 .vector_3      0x9fc01260        0x8 /opt/microchip/xc32/v1.21/bin/../lib/gcc/pic32mx/4.5.2/../../../../pic32mx/lib/libpic32.a(vector3.o)
                0x9fc01260                __vector_dispatch_3
                0x00000001                ASSERT (((_vector_spacing == 0x0) || (SIZEOF (.vector_3) <= (_vector_spacing << 0x5))), function at exception vector 3 too large)

.vector_4       0x9fc01280        0x8
 *(.vector_4)
 .vector_4      0x9fc01280        0x8 /opt/microchip/xc32/v1.21/bin/../lib/gcc/pic32mx/4.5.2/../../../../pic32mx/lib/libpic32.a(vector4.o)
                0x9fc01280                __vector_dispatch_4
                0x00000001                ASSERT (((_vector_spacing == 0x0) || (SIZEOF (.vector_4) <= (_vector_spacing << 0x5))), function at exception vector 4 too large)

.vector_5       0x9fc012a0        0x8
 *(.vector_5)
 .vector_5      0x9fc012a0        0x8 /opt/microchip/xc32/v1.21/bin/../lib/gcc/pic32mx/4.5.2/../../../../pic32mx/lib/libpic32.a(vector5.o)
                0x9fc012a0                __vector_dispatch_5
                0x00000001                ASSERT (((_vector_spacing == 0x0) || (SIZEOF (.vector_5) <= (_vector_spacing << 0x5))), function at exception vector 5 too large)

.vector_6       0x9fc012c0        0x8
 *(.vector_6)
 .vector_6      0x9fc012c0        0x8 /opt/microchip/xc32/v1.21/bin/../lib/gcc/pic32mx/4.5.2/../../../../pic32mx/lib/libpic32.a(vector6.o)
                0x9fc012c0                __vector_dispatch_6
                0x00000001                ASSERT (((_vector_spacing == 0x0) || (SIZEOF (.vector_6) <= (_vector_spacing << 0x5))), function at exception vector 6 too large)

.vector_7       0x9fc012e0        0x8
 *(.vector_7)
 .vector_7      0x9fc012e0        0x8 /opt/microchip/xc32/v1.21/bin/../lib/gcc/pic32mx/4.5.2/../../../../pic32mx/lib/libpic32.a(vector7.o)
                0x9fc012e0                __vector_dispatch_7
                0x00000001                ASSERT (((_vector_spacing == 0x0) || (SIZEOF (.vector_7) <= (_vector_spacing << 0x5))), function at exception vector 7 too large)

.vector_8       0x9fc01300        0x8
 *(.vector_8)
 .vector_8      0x9fc01300        0x8 /opt/microchip/xc32/v1.21/bin/../lib/gcc/pic32mx/4.5.2/../../../../pic32mx/lib/libpic32.a(vector8.o)
                0x9fc01300                __vector_dispatch_8
                0x00000001                ASSERT (((_vector_spacing == 0x0) || (SIZEOF (.vector_8) <= (_vector_spacing << 0x5))), function at exception vector 8 too large)

.vector_9       0x9fc01320        0x8
 *(.vector_9)
 .vector_9      0x9fc01320        0x8 /opt/microchip/xc32/v1.21/bin/../lib/gcc/pic32mx/4.5.2/../../../../pic32mx/lib/libpic32.a(vector9.o)
                0x9fc01320                __vector_dispatch_9
                0x00000001                ASSERT (((_vector_spacing == 0x0) || (SIZEOF (.vector_9) <= (_vector_spacing << 0x5))), function at exception vector 9 too large)

.vector_10      0x9fc01340        0x8
 *(.vector_10)
 .vector_10     0x9fc01340        0x8 /opt/microchip/xc32/v1.21/bin/../lib/gcc/pic32mx/4.5.2/../../../../pic32mx/lib/libpic32.a(vector10.o)
                0x9fc01340                __vector_dispatch_10
                0x00000001                ASSERT (((_vector_spacing == 0x0) || (SIZEOF (.vector_10) <= (_vector_spacing << 0x5))), function at exception vector 10 too large)

.vector_11      0x9fc01360        0x8
 *(.vector_11)
 .vector_11     0x9fc01360        0x8 /opt/microchip/xc32/v1.21/bin/../lib/gcc/pic32mx/4.5.2/../../../../pic32mx/lib/libpic32.a(vector11.o)
                0x9fc01360                __vector_dispatch_11
                0x00000001                ASSERT (((_vector_spacing == 0x0) || (SIZEOF (.vector_11) <= (_vector_spacing << 0x5))), function at exception vector 11 too large)

.vector_12      0x9fc01380        0x8
 *(.vector_12)
 .vector_12     0x9fc01380        0x8 build/default/production/src/io.o
                0x9fc01380                __vector_dispatch_12
                0x00000001                ASSERT (((_vector_spacing == 0x0) || (SIZEOF (.vector_12) <= (_vector_spacing << 0x5))), function at exception vector 12 too large)

.vector_13      0x9fc013a0        0x8
 *(.vector_13)
 .vector_13     0x9fc013a0        0x8 /opt/microchip/xc32/v1.21/bin/../lib/gcc/pic32mx/4.5.2/../../../../pic32mx/lib/libpic32.a(vector13.o)
                0x9fc013a0                __vector_dispatch_13
                0x00000001                ASSERT (((_vector_spacing == 0x0) || (SIZEOF (.vector_13) <= (_vector_spacing << 0x5))), function at exception vector 13 too large)

.vector_14      0x9fc013c0        0x8
 *(.vector_14)
 .vector_14     0x9fc013c0        0x8 /opt/microchip/xc32/v1.21/bin/../lib/gcc/pic32mx/4.5.2/../../../../pic32mx/lib/libpic32.a(vector14.o)
                0x9fc013c0                __vector_dispatch_14
                0x00000001                ASSERT (((_vector_spacing == 0x0) || (SIZEOF (.vector_14) <= (_vector_spacing << 0x5))), function at exception vector 14 too large)

.vector_15      0x9fc013e0        0x8
 *(.vector_15)
 .vector_15     0x9fc013e0        0x8 /opt/microchip/xc32/v1.21/bin/../lib/gcc/pic32mx/4.5.2/../../../../pic32mx/lib/libpic32.a(vector15.o)
                0x9fc013e0                __vector_dispatch_15
                0x00000001                ASSERT (((_vector_spacing == 0x0) || (SIZEOF (.vector_15) <= (_vector_spacing << 0x5))), function at exception vector 15 too large)

.vector_16      0x9fc01400        0x8
 *(.vector_16)
 .vector_16     0x9fc01400        0x8 /opt/microchip/xc32/v1.21/bin/../lib/gcc/pic32mx/4.5.2/../../../../pic32mx/lib/libpic32.a(vector16.o)
                0x9fc01400                __vector_dispatch_16
                0x00000001                ASSERT (((_vector_spacing == 0x0) || (SIZEOF (.vector_16) <= (_vector_spacing << 0x5))), function at exception vector 16 too large)

.vector_17      0x9fc01420        0x8
 *(.vector_17)
 .vector_17     0x9fc01420        0x8 /opt/microchip/xc32/v1.21/bin/../lib/gcc/pic32mx/4.5.2/../../../../pic32mx/lib/libpic32.a(vector17.o)
                0x9fc01420                __vector_dispatch_17
                0x00000001                ASSERT (((_vector_spacing == 0x0) || (SIZEOF (.vector_17) <= (_vector_spacing << 0x5))), function at exception vector 17 too large)

.vector_18      0x9fc01440        0x8
 *(.vector_18)
 .vector_18     0x9fc01440        0x8 /opt/microchip/xc32/v1.21/bin/../lib/gcc/pic32mx/4.5.2/../../../../pic32mx/lib/libpic32.a(vector18.o)
                0x9fc01440                __vector_dispatch_18
                0x00000001                ASSERT (((_vector_spacing == 0x0) || (SIZEOF (.vector_18) <= (_vector_spacing << 0x5))), function at exception vector 18 too large)

.vector_19      0x9fc01460        0x8
 *(.vector_19)
 .vector_19     0x9fc01460        0x8 /opt/microchip/xc32/v1.21/bin/../lib/gcc/pic32mx/4.5.2/../../../../pic32mx/lib/libpic32.a(vector19.o)
                0x9fc01460                __vector_dispatch_19
                0x00000001                ASSERT (((_vector_spacing == 0x0) || (SIZEOF (.vector_19) <= (_vector_spacing << 0x5))), function at exception vector 19 too large)

.vector_20      0x9fc01480        0x8
 *(.vector_20)
 .vector_20     0x9fc01480        0x8 /opt/microchip/xc32/v1.21/bin/../lib/gcc/pic32mx/4.5.2/../../../../pic32mx/lib/libpic32.a(vector20.o)
                0x9fc01480                __vector_dispatch_20
                0x00000001                ASSERT (((_vector_spacing == 0x0) || (SIZEOF (.vector_20) <= (_vector_spacing << 0x5))), function at exception vector 20 too large)

.vector_21      0x9fc014a0        0x8
 *(.vector_21)
 .vector_21     0x9fc014a0        0x8 /opt/microchip/xc32/v1.21/bin/../lib/gcc/pic32mx/4.5.2/../../../../pic32mx/lib/libpic32.a(vector21.o)
                0x9fc014a0                __vector_dispatch_21
                0x00000001                ASSERT (((_vector_spacing == 0x0) || (SIZEOF (.vector_21) <= (_vector_spacing << 0x5))), function at exception vector 21 too large)

.vector_22      0x9fc014c0        0x8
 *(.vector_22)
 .vector_22     0x9fc014c0        0x8 /opt/microchip/xc32/v1.21/bin/../lib/gcc/pic32mx/4.5.2/../../../../pic32mx/lib/libpic32.a(vector22.o)
                0x9fc014c0                __vector_dispatch_22
                0x00000001                ASSERT (((_vector_spacing == 0x0) || (SIZEOF (.vector_22) <= (_vector_spacing << 0x5))), function at exception vector 22 too large)

.vector_23      0x9fc014e0        0x8
 *(.vector_23)
 .vector_23     0x9fc014e0        0x8 /opt/microchip/xc32/v1.21/bin/../lib/gcc/pic32mx/4.5.2/../../../../pic32mx/lib/libpic32.a(vector23.o)
                0x9fc014e0                __vector_dispatch_23
                0x00000001                ASSERT (((_vector_spacing == 0x0) || (SIZEOF (.vector_23) <= (_vector_spacing << 0x5))), function at exception vector 23 too large)

.vector_24      0x9fc01500        0x8
 *(.vector_24)
 .vector_24     0x9fc01500        0x8 /opt/microchip/xc32/v1.21/bin/../lib/gcc/pic32mx/4.5.2/../../../../pic32mx/lib/libpic32.a(vector24.o)
                0x9fc01500                __vector_dispatch_24
                0x00000001                ASSERT (((_vector_spacing == 0x0) || (SIZEOF (.vector_24) <= (_vector_spacing << 0x5))), function at exception vector 24 too large)

.vector_25      0x9fc01520        0x8
 *(.vector_25)
 .vector_25     0x9fc01520        0x8 /opt/microchip/xc32/v1.21/bin/../lib/gcc/pic32mx/4.5.2/../../../../pic32mx/lib/libpic32.a(vector25.o)
                0x9fc01520                __vector_dispatch_25
                0x00000001                ASSERT (((_vector_spacing == 0x0) || (SIZEOF (.vector_25) <= (_vector_spacing << 0x5))), function at exception vector 25 too large)

.vector_26      0x9fc01540        0x8
 *(.vector_26)
 .vector_26     0x9fc01540        0x8 build/default/production/src/io.o
                0x9fc01540                __vector_dispatch_26
                0x00000001                ASSERT (((_vector_spacing == 0x0) || (SIZEOF (.vector_26) <= (_vector_spacing << 0x5))), function at exception vector 26 too large)

.vector_27      0x9fc01560        0x8
 *(.vector_27)
 .vector_27     0x9fc01560        0x8 build/default/production/src/io.o
                0x9fc01560                __vector_dispatch_27
                0x00000001                ASSERT (((_vector_spacing == 0x0) || (SIZEOF (.vector_27) <= (_vector_spacing << 0x5))), function at exception vector 27 too large)

.vector_28      0x9fc01580        0x8
 *(.vector_28)
 .vector_28     0x9fc01580        0x8 /opt/microchip/xc32/v1.21/bin/../lib/gcc/pic32mx/4.5.2/../../../../pic32mx/lib/libpic32.a(vector28.o)
                0x9fc01580                __vector_dispatch_28
                0x00000001                ASSERT (((_vector_spacing == 0x0) || (SIZEOF (.vector_28) <= (_vector_spacing << 0x5))), function at exception vector 28 too large)

.vector_29      0x9fc015a0        0x8
 *(.vector_29)
 .vector_29     0x9fc015a0        0x8 /opt/microchip/xc32/v1.21/bin/../lib/gcc/pic32mx/4.5.2/../../../../pic32mx/lib/libpic32.a(vector29.o)
                0x9fc015a0                __vector_dispatch_29
                0x00000001                ASSERT (((_vector_spacing == 0x0) || (SIZEOF (.vector_29) <= (_vector_spacing << 0x5))), function at exception vector 29 too large)

.vector_30      0x9fc015c0        0x8
 *(.vector_30)
 .vector_30     0x9fc015c0        0x8 /opt/microchip/xc32/v1.21/bin/../lib/gcc/pic32mx/4.5.2/../../../../pic32mx/lib/libpic32.a(vector30.o)
                0x9fc015c0                __vector_dispatch_30
                0x00000001                ASSERT (((_vector_spacing == 0x0) || (SIZEOF (.vector_30) <= (_vector_spacing << 0x5))), function at exception vector 30 too large)

.vector_31      0x9fc015e0        0x8
 *(.vector_31)
 .vector_31     0x9fc015e0        0x8 build/default/production/src/spektrumRX.o
                0x9fc015e0                __vector_dispatch_31
                0x00000001                ASSERT (((_vector_spacing == 0x0) || (SIZEOF (.vector_31) <= (_vector_spacing << 0x5))), function at exception vector 31 too large)

.vector_32      0x9fc01600        0x8
 *(.vector_32)
 .vector_32     0x9fc01600        0x8 /opt/microchip/xc32/v1.21/bin/../lib/gcc/pic32mx/4.5.2/../../../../pic32mx/lib/libpic32.a(vector32.o)
                0x9fc01600                __vector_dispatch_32
                0x00000001                ASSERT (((_vector_spacing == 0x0) || (SIZEOF (.vector_32) <= (_vector_spacing << 0x5))), function at exception vector 32 too large)

.vector_33      0x9fc01620        0x8
 *(.vector_33)
 .vector_33     0x9fc01620        0x8 /opt/microchip/xc32/v1.21/bin/../lib/gcc/pic32mx/4.5.2/../../../../pic32mx/lib/libpic32.a(vector33.o)
                0x9fc01620                __vector_dispatch_33
                0x00000001                ASSERT (((_vector_spacing == 0x0) || (SIZEOF (.vector_33) <= (_vector_spacing << 0x5))), function at exception vector 33 too large)

.vector_34      0x9fc01640        0x8
 *(.vector_34)
 .vector_34     0x9fc01640        0x8 /opt/microchip/xc32/v1.21/bin/../lib/gcc/pic32mx/4.5.2/../../../../pic32mx/lib/libpic32.a(vector34.o)
                0x9fc01640                __vector_dispatch_34
                0x00000001                ASSERT (((_vector_spacing == 0x0) || (SIZEOF (.vector_34) <= (_vector_spacing << 0x5))), function at exception vector 34 too large)

.vector_35      0x9fc01660        0x8
 *(.vector_35)
 .vector_35     0x9fc01660        0x8 /opt/microchip/xc32/v1.21/bin/../lib/gcc/pic32mx/4.5.2/../../../../pic32mx/lib/libpic32.a(vector35.o)
                0x9fc01660                __vector_dispatch_35
                0x00000001                ASSERT (((_vector_spacing == 0x0) || (SIZEOF (.vector_35) <= (_vector_spacing << 0x5))), function at exception vector 35 too large)

.vector_36      0x9fc01680        0x8
 *(.vector_36)
 .vector_36     0x9fc01680        0x8 /opt/microchip/xc32/v1.21/bin/../lib/gcc/pic32mx/4.5.2/../../../../pic32mx/lib/libpic32.a(vector36.o)
                0x9fc01680                __vector_dispatch_36
                0x00000001                ASSERT (((_vector_spacing == 0x0) || (SIZEOF (.vector_36) <= (_vector_spacing << 0x5))), function at exception vector 36 too large)

.vector_37      0x9fc016a0        0x8
 *(.vector_37)
 .vector_37     0x9fc016a0        0x8 build/default/production/src/ultrasonic.o
                0x9fc016a0                __vector_dispatch_37
                0x00000001                ASSERT (((_vector_spacing == 0x0) || (SIZEOF (.vector_37) <= (_vector_spacing << 0x5))), function at exception vector 37 too large)

.vector_38      0x9fc016c0        0x8
 *(.vector_38)
 .vector_38     0x9fc016c0        0x8 /opt/microchip/xc32/v1.21/bin/../lib/gcc/pic32mx/4.5.2/../../../../pic32mx/lib/libpic32.a(vector38.o)
                0x9fc016c0                __vector_dispatch_38
                0x00000001                ASSERT (((_vector_spacing == 0x0) || (SIZEOF (.vector_38) <= (_vector_spacing << 0x5))), function at exception vector 38 too large)

.vector_39      0x9fc016e0        0x8
 *(.vector_39)
 .vector_39     0x9fc016e0        0x8 build/default/production/src/rn131.o
                0x9fc016e0                __vector_dispatch_39
                0x00000001                ASSERT (((_vector_spacing == 0x0) || (SIZEOF (.vector_39) <= (_vector_spacing << 0x5))), function at exception vector 39 too large)

.vector_40      0x9fc01700        0x8
 *(.vector_40)
 .vector_40     0x9fc01700        0x8 build/default/production/src/rn131.o
                0x9fc01700                __vector_dispatch_40
                0x00000001                ASSERT (((_vector_spacing == 0x0) || (SIZEOF (.vector_40) <= (_vector_spacing << 0x5))), function at exception vector 40 too large)

.vector_41      0x9fc01720        0x8
 *(.vector_41)
 .vector_41     0x9fc01720        0x8 /opt/microchip/xc32/v1.21/bin/../lib/gcc/pic32mx/4.5.2/../../../../pic32mx/lib/libpic32.a(vector41.o)
                0x9fc01720                __vector_dispatch_41
                0x00000001                ASSERT (((_vector_spacing == 0x0) || (SIZEOF (.vector_41) <= (_vector_spacing << 0x5))), function at exception vector 41 too large)

.vector_42      0x9fc01740        0x8
 *(.vector_42)
 .vector_42     0x9fc01740        0x8 /opt/microchip/xc32/v1.21/bin/../lib/gcc/pic32mx/4.5.2/../../../../pic32mx/lib/libpic32.a(vector42.o)
                0x9fc01740                __vector_dispatch_42
                0x00000001                ASSERT (((_vector_spacing == 0x0) || (SIZEOF (.vector_42) <= (_vector_spacing << 0x5))), function at exception vector 42 too large)

.vector_43      0x9fc01760        0x8
 *(.vector_43)
 .vector_43     0x9fc01760        0x8 /opt/microchip/xc32/v1.21/bin/../lib/gcc/pic32mx/4.5.2/../../../../pic32mx/lib/libpic32.a(vector43.o)
                0x9fc01760                __vector_dispatch_43
                0x00000001                ASSERT (((_vector_spacing == 0x0) || (SIZEOF (.vector_43) <= (_vector_spacing << 0x5))), function at exception vector 43 too large)

.vector_44      0x9fc01780        0x8
 *(.vector_44)
 .vector_44     0x9fc01780        0x8 /opt/microchip/xc32/v1.21/bin/../lib/gcc/pic32mx/4.5.2/../../../../pic32mx/lib/libpic32.a(vector44.o)
                0x9fc01780                __vector_dispatch_44
                0x00000001                ASSERT (((_vector_spacing == 0x0) || (SIZEOF (.vector_44) <= (_vector_spacing << 0x5))), function at exception vector 44 too large)

.vector_45      0x9fc017a0        0x8
 *(.vector_45)
 .vector_45     0x9fc017a0        0x8 build/default/production/_ext/1309711782/usb_device.o
                0x9fc017a0                __vector_dispatch_45
                0x00000001                ASSERT (((_vector_spacing == 0x0) || (SIZEOF (.vector_45) <= (_vector_spacing << 0x5))), function at exception vector 45 too large)

.vector_46      0x9fc017c0        0x8
 *(.vector_46)
 .vector_46     0x9fc017c0        0x8 /opt/microchip/xc32/v1.21/bin/../lib/gcc/pic32mx/4.5.2/../../../../pic32mx/lib/libpic32.a(vector46.o)
                0x9fc017c0                __vector_dispatch_46
                0x00000001                ASSERT (((_vector_spacing == 0x0) || (SIZEOF (.vector_46) <= (_vector_spacing << 0x5))), function at exception vector 46 too large)

.vector_47      0x9fc017e0        0x8
 *(.vector_47)
 .vector_47     0x9fc017e0        0x8 /opt/microchip/xc32/v1.21/bin/../lib/gcc/pic32mx/4.5.2/../../../../pic32mx/lib/libpic32.a(vector47.o)
                0x9fc017e0                __vector_dispatch_47
                0x00000001                ASSERT (((_vector_spacing == 0x0) || (SIZEOF (.vector_47) <= (_vector_spacing << 0x5))), function at exception vector 47 too large)

.vector_48      0x9fc01800        0x8
 *(.vector_48)
 .vector_48     0x9fc01800        0x8 /opt/microchip/xc32/v1.21/bin/../lib/gcc/pic32mx/4.5.2/../../../../pic32mx/lib/libpic32.a(vector48.o)
                0x9fc01800                __vector_dispatch_48
                0x00000001                ASSERT (((_vector_spacing == 0x0) || (SIZEOF (.vector_48) <= (_vector_spacing << 0x5))), function at exception vector 48 too large)

.vector_49      0x9fc01820        0x8
 *(.vector_49)
 .vector_49     0x9fc01820        0x8 /opt/microchip/xc32/v1.21/bin/../lib/gcc/pic32mx/4.5.2/../../../../pic32mx/lib/libpic32.a(vector49.o)
                0x9fc01820                __vector_dispatch_49
                0x00000001                ASSERT (((_vector_spacing == 0x0) || (SIZEOF (.vector_49) <= (_vector_spacing << 0x5))), function at exception vector 49 too large)

.vector_50      0x9fc01840        0x8
 *(.vector_50)
 .vector_50     0x9fc01840        0x8 /opt/microchip/xc32/v1.21/bin/../lib/gcc/pic32mx/4.5.2/../../../../pic32mx/lib/libpic32.a(vector50.o)
                0x9fc01840                __vector_dispatch_50
                0x00000001                ASSERT (((_vector_spacing == 0x0) || (SIZEOF (.vector_50) <= (_vector_spacing << 0x5))), function at exception vector 50 too large)

.vector_51      0x9fc01860        0x8
 *(.vector_51)
 .vector_51     0x9fc01860        0x8 /opt/microchip/xc32/v1.21/bin/../lib/gcc/pic32mx/4.5.2/../../../../pic32mx/lib/libpic32.a(vector51.o)
                0x9fc01860                __vector_dispatch_51
                0x00000001                ASSERT (((_vector_spacing == 0x0) || (SIZEOF (.vector_51) <= (_vector_spacing << 0x5))), function at exception vector 51 too large)

.vector_52      0x9fc01880        0x8
 *(.vector_52)
 .vector_52     0x9fc01880        0x8 /opt/microchip/xc32/v1.21/bin/../lib/gcc/pic32mx/4.5.2/../../../../pic32mx/lib/libpic32.a(vector52.o)
                0x9fc01880                __vector_dispatch_52
                0x00000001                ASSERT (((_vector_spacing == 0x0) || (SIZEOF (.vector_52) <= (_vector_spacing << 0x5))), function at exception vector 52 too large)

.vector_53      0x9fc018a0        0x8
 *(.vector_53)
 .vector_53     0x9fc018a0        0x8 /opt/microchip/xc32/v1.21/bin/../lib/gcc/pic32mx/4.5.2/../../../../pic32mx/lib/libpic32.a(vector53.o)
                0x9fc018a0                __vector_dispatch_53
                0x00000001                ASSERT (((_vector_spacing == 0x0) || (SIZEOF (.vector_53) <= (_vector_spacing << 0x5))), function at exception vector 53 too large)

.vector_54      0x9fc018c0        0x8
 *(.vector_54)
 .vector_54     0x9fc018c0        0x8 /opt/microchip/xc32/v1.21/bin/../lib/gcc/pic32mx/4.5.2/../../../../pic32mx/lib/libpic32.a(vector54.o)
                0x9fc018c0                __vector_dispatch_54
                0x00000001                ASSERT (((_vector_spacing == 0x0) || (SIZEOF (.vector_54) <= (_vector_spacing << 0x5))), function at exception vector 54 too large)

.vector_55      0x9fc018e0        0x8
 *(.vector_55)
 .vector_55     0x9fc018e0        0x8 /opt/microchip/xc32/v1.21/bin/../lib/gcc/pic32mx/4.5.2/../../../../pic32mx/lib/libpic32.a(vector55.o)
                0x9fc018e0                __vector_dispatch_55
                0x00000001                ASSERT (((_vector_spacing == 0x0) || (SIZEOF (.vector_55) <= (_vector_spacing << 0x5))), function at exception vector 55 too large)

.vector_56      0x9fc01900        0x8
 *(.vector_56)
 .vector_56     0x9fc01900        0x8 /opt/microchip/xc32/v1.21/bin/../lib/gcc/pic32mx/4.5.2/../../../../pic32mx/lib/libpic32.a(vector56.o)
                0x9fc01900                __vector_dispatch_56
                0x00000001                ASSERT (((_vector_spacing == 0x0) || (SIZEOF (.vector_56) <= (_vector_spacing << 0x5))), function at exception vector 56 too large)

.vector_57      0x9fc01920        0x8
 *(.vector_57)
 .vector_57     0x9fc01920        0x8 /opt/microchip/xc32/v1.21/bin/../lib/gcc/pic32mx/4.5.2/../../../../pic32mx/lib/libpic32.a(vector57.o)
                0x9fc01920                __vector_dispatch_57
                0x00000001                ASSERT (((_vector_spacing == 0x0) || (SIZEOF (.vector_57) <= (_vector_spacing << 0x5))), function at exception vector 57 too large)

.vector_58      0x9fc01940        0x8
 *(.vector_58)
 .vector_58     0x9fc01940        0x8 /opt/microchip/xc32/v1.21/bin/../lib/gcc/pic32mx/4.5.2/../../../../pic32mx/lib/libpic32.a(vector58.o)
                0x9fc01940                __vector_dispatch_58
                0x00000001                ASSERT (((_vector_spacing == 0x0) || (SIZEOF (.vector_58) <= (_vector_spacing << 0x5))), function at exception vector 58 too large)

.vector_59      0x9fc01960        0x8
 *(.vector_59)
 .vector_59     0x9fc01960        0x8 /opt/microchip/xc32/v1.21/bin/../lib/gcc/pic32mx/4.5.2/../../../../pic32mx/lib/libpic32.a(vector59.o)
                0x9fc01960                __vector_dispatch_59
                0x00000001                ASSERT (((_vector_spacing == 0x0) || (SIZEOF (.vector_59) <= (_vector_spacing << 0x5))), function at exception vector 59 too large)

.vector_60      0x9fc01980        0x8
 *(.vector_60)
 .vector_60     0x9fc01980        0x8 /opt/microchip/xc32/v1.21/bin/../lib/gcc/pic32mx/4.5.2/../../../../pic32mx/lib/libpic32.a(vector60.o)
                0x9fc01980                __vector_dispatch_60
                0x00000001                ASSERT (((_vector_spacing == 0x0) || (SIZEOF (.vector_60) <= (_vector_spacing << 0x5))), function at exception vector 60 too large)

.vector_61      0x9fc019a0        0x8
 *(.vector_61)
 .vector_61     0x9fc019a0        0x8 /opt/microchip/xc32/v1.21/bin/../lib/gcc/pic32mx/4.5.2/../../../../pic32mx/lib/libpic32.a(vector61.o)
                0x9fc019a0                __vector_dispatch_61
                0x00000001                ASSERT (((_vector_spacing == 0x0) || (SIZEOF (.vector_61) <= (_vector_spacing << 0x5))), function at exception vector 61 too large)

.vector_62      0x9fc019c0        0x8
 *(.vector_62)
 .vector_62     0x9fc019c0        0x8 /opt/microchip/xc32/v1.21/bin/../lib/gcc/pic32mx/4.5.2/../../../../pic32mx/lib/libpic32.a(vector62.o)
                0x9fc019c0                __vector_dispatch_62
                0x00000001                ASSERT (((_vector_spacing == 0x0) || (SIZEOF (.vector_62) <= (_vector_spacing << 0x5))), function at exception vector 62 too large)

.vector_63      0x9fc019e0        0x8
 *(.vector_63)
 .vector_63     0x9fc019e0        0x8 /opt/microchip/xc32/v1.21/bin/../lib/gcc/pic32mx/4.5.2/../../../../pic32mx/lib/libpic32.a(vector63.o)
                0x9fc019e0                __vector_dispatch_63
                0x00000001                ASSERT (((_vector_spacing == 0x0) || (SIZEOF (.vector_63) <= (_vector_spacing << 0x5))), function at exception vector 63 too large)

.startup
 *(.startup)

.text           0x9d000000        0x0
 *(.stub .gnu.linkonce.t.*)
 *(.text.*personality*)
 *(.mips16.fn.*)
 *(.mips16.call.*)
 *(.gnu.warning)
                0x9d000000                . = ALIGN (0x4)

.init           0x9d000000        0x0
 *crti.o(.init)
 *crtbegin.o(.init)
 *(EXCLUDE_FILE(*crtn.o *crtend?.o *crtend.o) .init)
 *crtend.o(.init)
 *crtn.o(.init)
                0x9d000000                . = ALIGN (0x4)

.fini           0x9d000000        0x0
 *(.fini)
                0x9d000000                . = ALIGN (0x4)

.preinit_array  0x9d000000        0x0
                0x9d000000                PROVIDE (__preinit_array_start, .)
 *(.preinit_array)
                0x9d000000                PROVIDE (__preinit_array_end, .)
                0x9d000000                . = ALIGN (0x4)

.init_array     0x9d000000        0x0
                0x9d000000                PROVIDE (__init_array_start, .)
 *(SORT(.init_array.*))
 *(.init_array)
                0x9d000000                PROVIDE (__init_array_end, .)
                0x9d000000                . = ALIGN (0x4)

.fini_array     0x9d000000        0x0
                0x9d000000                PROVIDE (__fini_array_start, .)
 *(SORT(.fini_array.*))
 *(.fini_array)
                0x9d000000                PROVIDE (__fini_array_end, .)
                0x9d000000                . = ALIGN (0x4)

.ctors          0x9d000000        0x0
 *crtbegin.o(.ctors)
 *crtbegin?.o(.ctors)
 *(EXCLUDE_FILE(*crtend?.o *crtend.o) .ctors)
 *(SORT(.ctors.*))
 *(.ctors)
                0x9d000000                . = ALIGN (0x4)

.dtors          0x9d000000        0x0
 *crtbegin.o(.dtors)
 *crtbegin?.o(.dtors)
 *(EXCLUDE_FILE(*crtend?.o *crtend.o) .dtors)
 *(SORT(.dtors.*))
 *(.dtors)
                0x9d000000                . = ALIGN (0x4)

.rodata         0x9d000000        0x0
 *(.gnu.linkonce.r.*)
 *(.rodata1)
                0x9d000000                . = ALIGN (0x4)

.sdata2         0x9fc00490        0x0
 *(.sdata2 .sdata2.* .gnu.linkonce.s2.*)
                0x9fc00490                . = ALIGN (0x4)

.sbss2          0x9fc00490        0x0
 *(.sbss2 .sbss2.* .gnu.linkonce.sb2.*)
                0x9fc00490                . = ALIGN (0x4)

.eh_frame_hdr
 *(.eh_frame_hdr)
                0x9fc00490                . = ALIGN (0x4)

.eh_frame
 *(.eh_frame)
                0x9fc00490                . = ALIGN (0x4)

.gcc_except_table
 *(.gcc_except_table .gcc_except_table.*)
                0x9fc00490                . = ALIGN (0x4)

.dbg_data       0xa0000000        0x0
                0xa0000000                . = (. + DEFINED (_DEBUGGER)?0x200:0x0)

.jcr            0xa0000000        0x0
 *(.jcr)
                0xa0000000                . = ALIGN (0x4)

.eh_frame       0xa0000000       0x30
 *(.eh_frame)
 .eh_frame      0xa0000000       0x20 /opt/microchip/xc32/v1.21/bin/../lib/gcc/pic32mx/4.5.2/libgcc.a(_udivdi3.o)
 .eh_frame      0xa0000020       0x10 /opt/microchip/xc32/v1.21/bin/../lib/gcc/pic32mx/4.5.2/libgcc.a(_umoddi3.o)
                0xa0000030                . = ALIGN (0x4)

.gcc_except_table
 *(.gcc_except_table .gcc_except_table.*)
                0xa0000030                . = ALIGN (0x4)

.persist        0xa0000030        0x0
                0xa0000030                _persist_begin = .
 *(.persist .persist.*)
 *(.pbss .pbss.*)
                0xa0000030                . = ALIGN (0x4)
                0xa0000030                _persist_end = .

.data           0xa0000030        0x0
 *(.gnu.linkonce.d.*)
 *(.data1)
                0xa0000030                . = ALIGN (0x4)
                0xa0000030                . = .
                0xa0008020                _gp = (ALIGN (0x10) + 0x7ff0)

.got            0xa0000030        0x0
 *(.got.plt)
 *(.got)
                0xa0000030                . = ALIGN (0x4)

.sdata          0xa0000030       0x50
                0xa0000030                _sdata_begin = .
 *(.sdata .sdata.* .gnu.linkonce.s.*)
 .sdata         0xa0000030        0x8 build/default/production/src/imu.o
                0xa0000030                IMU_bias_upper_limit_int
                0xa0000034                IMU_bias_lower_limit_int
 .sdata         0xa0000038        0x8 build/default/production/src/itg3200.o
 .sdata         0xa0000040       0x10 build/default/production/src/io.o
                0xa0000040                IO_localControl
                0xa0000041                IO_gyro_gain
                0xa0000042                IO_RADIO_ERROR
                0xa0000043                rn131_timeout
 .sdata         0xa0000050        0xc build/default/production/src/rn131.o
                0xa0000050                RN131_DMA_TX_CHN
                0xa0000054                RN131_DMA_RX_CHN
 .sdata         0xa000005c        0xc build/default/production/_ext/1325148362/FSIO.o
                0xa000005c                gLastFATSectorRead
                0xa0000060                gLastDataSectorRead
                0xa0000064                cwdptr
 .sdata         0xa0000068        0xc build/default/production/src/spektrumRX.o
                0xa0000068                SPEKTRUM_ESC
                0xa000006a                SPEKTRUM_RIGHT
                0xa000006c                SPEKTRUM_REAR
                0xa000006e                SPEKTRUM_RUDDER
                0xa0000070                SPEKTRUM_GAIN
                0xa0000072                SPEKTRUM_LEFT
 .sdata         0xa0000074        0x4 build/default/production/src/ultrasonic.o
                0xa0000074                ULTRASONIC_DMA_RX_CHN
 .sdata         0xa0000078        0x4 /opt/microchip/xc32/v1.21/bin/../lib/gcc/pic32mx/4.5.2/../../../../pic32mx/lib/libc.a(_iob.o)
                0xa0000078                _Files
 .sdata         0xa000007c        0x4 /opt/microchip/xc32/v1.21/bin/../lib/gcc/pic32mx/4.5.2/../../../../pic32mx/lib/libpic32.a(xc32_uart.o)
                0xa000007c                __XC_UART
                0xa0000080                . = ALIGN (0x4)
                0xa0000080                _sdata_end = .

.lit8
 *(.lit8)

.lit4
 *(.lit4)
                0xa0000080                . = ALIGN (0x4)
                0xa0000080                _data_end = .
                0xa0000080                _bss_begin = .

.sbss           0xa0000080      0x23c
                0xa0000080                _sbss_begin = .
 *(.dynsbss)
 *(.sbss .sbss.* .gnu.linkonce.sb.*)
 .sbss          0xa0000080       0x14 build/default/production/src/imu.o
                0xa0000080                IMU_i2cOpen
                0xa0000084                IMU_roll
                0xa0000088                IMU_pitch
                0xa000008c                IMU_yaw
 .sbss          0xa0000094       0x1c build/default/production/src/itg3200.o
                0xa0000094                ITG3200_gyroTemperature
                0xa0000098                ITG3200_filteredTemperature
                0xa000009c                ITG3200_biasX
                0xa00000a0                ITG3200_biasY
                0xa00000a4                ITG3200_biasZ
 .sbss          0xa00000b0       0x88 build/default/production/src/io.o
                0xa00000b0                IO_time_ms
                0xa00000b8                IO_time_raw
                0xa00000c0                IO_DATA_TIME
                0xa00000c4                IO_SystemState
                0xa00000c8                IO_LandState
                0xa00000cc                IO_SystemPreviousState
                0xa00000d0                IO_batteryVoltage
                0xa00000d2                IO_stateProject
                0xa00000d3                IO_sdFlush
                0xa00000d4                IO_closeFiles
                0xa00000d5                IO_coreupdate_mutex
                0xa00000d8                IO_rotor_speed_dt
                0xa00000dc                IO_gyrogain_dt
                0xa00000e0                IO_ultrasonic_dt
                0xa00000e4                IO_esc_dt
                0xa00000e8                IO_right_dt
                0xa00000ec                IO_rear_dt
                0xa00000f0                IO_rudder_dt
                0xa00000f4                IO_left_dt
                0xa00000f8                IO_esc_nom
                0xa00000fa                IO_right_nom
                0xa00000fc                IO_rear_nom
                0xa00000fe                IO_rudder_nom
                0xa0000100                IO_left_nom
                0xa0000104                IO_rotor_speed
                0xa0000108                IO_filteredRotorSpeed
                0xa000010c                IO_rotor_speed_update
                0xa0000110                IO_rotor_speed_timeout
                0xa0000111                IO_LED_ON
                0xa0000112                ultrasonic_updated
                0xa0000113                IO_valid_PWM_data
                0xa0000114                stable_ekf
                0xa0000118                position_control
 .sbss          0xa0000138       0x28 build/default/production/src/rn131.o
                0xa0000138                RN131_dataReceived
                0xa000013c                RN131_offset_us
                0xa0000140                RN131_delay_us
                0xa0000144                RN131_offset_us_0
                0xa0000148                RN131_delay_us_0
 .sbss          0xa0000160       0x14 build/default/production/_ext/1325148362/FSIO.o
                0xa0000160                gNeedFATWrite
                0xa0000164                gBufferOwner
                0xa0000168                gNeedDataWrite
                0xa0000169                nextClusterIsLast
                0xa000016a                gBufferZeroed
                0xa000016b                recache
                0xa000016c                utfModeFileName
                0xa0000170                twoByteMode
 .sbss          0xa0000174       0x1c build/default/production/_ext/1325148362/SD-SPI.o
 .sbss          0xa0000190       0x24 build/default/production/src/spektrumRX.o
                0xa0000190                SPEKTRUM_autoMode
                0xa0000194                SPEKTRUM_timeout_ms_var
                0xa0000198                SPEKTRUM_channel0
                0xa000019a                SPEKTRUM_channel1
                0xa000019c                SPEKTRUM_channel2
                0xa000019e                SPEKTRUM_channel3
                0xa00001a0                SPEKTRUM_channel4
                0xa00001a2                SPEKTRUM_channel5
                0xa00001a4                SPEKTRUM_channel6
                0xa00001a6                SPEKTRUM_ESC_NOMINAL
                0xa00001a8                SPEKTRUM_RIGHT_NOMINAL
                0xa00001aa                SPEKTRUM_REAR_NOMINAL
                0xa00001ac                SPEKTRUM_RUDDER_NOMINAL
                0xa00001ae                SPEKTRUM_GAIN_NOMINAL
                0xa00001b0                SPEKTRUM_LEFT_NOMINAL
 .sbss          0xa00001b4        0xc build/default/production/src/ultrasonic.o
                0xa00001b4                ULTRASONIC_distance
                0xa00001b8                ULTRASONIC_heave
                0xa00001bc                data_updated
 .sbss          0xa00001c0        0x2 build/default/production/src/usb_callback.o
 *fill*         0xa00001c2        0x2 00
 .sbss          0xa00001c4        0x4 /opt/microchip/xc32/v1.21/bin/../lib/gcc/pic32mx/4.5.2/../../../../pic32mx/lib/libpic32.a(errno.o)
                0xa00001c4                errno
 .sbss          0xa00001c8        0x1 /opt/microchip/xc32/v1.21/bin/../lib/gcc/pic32mx/4.5.2/../../../../pic32mx/lib/libc.a(_iob.o)
                0xa00001c8                _outdone
 *(.scommon)
 *fill*         0xa00001c9        0x3 00
 .scommon       0xa00001cc       0x30 build/default/production/src/adxl345.o
                0xa00001cc                IO_esc
                0xa00001d0                IO_y_ref
                0xa00001d4                IO_pitch_ref
                0xa00001d8                IO_ref_speed
                0xa00001dc                IO_x_ref
                0xa00001e0                IO_roll_ref
                0xa00001e4                IO_tailrate
                0xa00001e8                IO_collective
                0xa00001ec                IO_longitudinal
                0xa00001f0                IO_lateral
                0xa00001f4                IO_z_ref
                0xa00001f8                IO_yaw_ref
 .scommon       0xa00001fc        0x0 build/default/production/src/imu.o
 .scommon       0xa00001fc        0x0 build/default/production/src/itg3200.o
 .scommon       0xa00001fc        0x0 build/default/production/src/io.o
 .scommon       0xa00001fc        0x0 build/default/production/src/rn131.o
 .scommon       0xa00001fc       0x2c build/default/production/_ext/1325148362/FSIO.o
                0xa00001fc                utf16Filename
                0xa0000200                recordSearchLength
                0xa0000204                TempClusterCalc
                0xa0000208                gTimeCrtTime
                0xa000020c                gFileSlotOpen
                0xa0000210                gTimeAccDate
                0xa0000212                gTimeCrtDate
                0xa0000214                asciiFilename
                0xa0000218                FSerrno
                0xa000021a                fileNameLength
                0xa000021c                dirCleared
                0xa000021e                gTimeWrtTime
                0xa0000220                FatRootDirClusterValue
                0xa0000224                gTimeCrtMS
                0xa0000226                gTimeWrtDate
 .scommon       0xa0000228        0x8 build/default/production/_ext/1325148362/SD-SPI.o
                0xa0000228                gMediaSectorSize
                0xa000022a                gSDMode
                0xa000022c                MDD_SDSPI_finalLBA
 .scommon       0xa0000230        0x0 build/default/production/src/spektrumRX.o
 .scommon       0xa0000230        0x0 build/default/production/src/ultrasonic.o
 .scommon       0xa0000230       0x5a build/default/production/_ext/1309711782/usb_device.o
                0xa0000230                ep_data_in
                0xa0000234                USBDeferStatusStagePacket
                0xa0000238                USTATcopy
                0xa000023c                CtrlTrfData
                0xa0000244                RemoteWakeup
                0xa0000248                controlTransferState
                0xa0000249                USBStatusStageTimeoutCounter
                0xa000024c                pDst
                0xa0000250                USBDeferINDataStagePackets
                0xa0000254                ep_data_out
                0xa0000258                SetupPkt
                0xa0000260                pBDTEntryEP0OutNext
                0xa0000264                USBAlternateInterface
                0xa0000268                USBStatusStageEnabledFlag2
                0xa000026c                BothEP0OutUOWNsSet
                0xa0000270                USBBusIsSuspended
                0xa0000274                USBDeferOUTDataStagePackets
                0xa0000278                USBActiveConfiguration
                0xa000027c                USBStatusStageEnabledFlag1
                0xa0000280                USBDeviceState
                0xa0000284                pBDTEntryEP0OutCurrent
                0xa0000288                shortPacketStatus
                0xa0000289                endpoint_number
 *fill*         0xa000028a        0x2 00
 .scommon       0xa000028c       0x30 build/default/production/_ext/1163386593/usb_function_cdc.o
                0xa000028c                control_signal_bitmap
                0xa0000290                cdc_tx_len
                0xa0000291                cdc_trf_state
                0xa0000292                cdc_mem_type
                0xa0000294                CDCDataInHandle
                0xa0000298                pCDCSrc
                0xa000029c                cdc_rx_len
                0xa00002a0                BaudRateGen
                0xa00002a4                pCDCDst
                0xa00002a8                line_coding
                0xa00002b0                CDCDataOutHandle
                0xa00002b4                dummy_encapsulated_cmd_response
 .scommon       0xa00002bc        0x0 build/default/production/main.o
                0xa00002bc                _sbss_end = .
                0xa00002bc                . = ALIGN (0x4)

.bss            0xa0000400     0x2aec
 *(.dynbss)
 *(COMMON)
 COMMON         0xa0000400       0x40 build/default/production/src/adxl345.o
                0xa0000400                adxl345_data
                0xa0000428                gravity_accel
                0xa0000434                gravity_estimate
 COMMON         0xa0000440       0x2c build/default/production/src/itg3200.o
                0xa0000440                itg3200_data
 *fill*         0xa000046c        0x4 00
 COMMON         0xa0000470      0xd80 build/default/production/src/io.o
                0xa0000470                IO_log
                0xa0000ab0                IO_sd_buffer
                0xa0000bb0                IO_dmesg
 COMMON         0xa00011f0        0xc build/default/production/src/pwm.o
                0xa00011f0                PWM_packet
 COMMON         0xa00011fc      0x364 build/default/production/src/rn131.o
                0xa00011fc                RN131_states
                0xa0001224                RN131_packet
                0xa000124c                RN131_data
 COMMON         0xa0001560     0x13f2 build/default/production/_ext/1325148362/FSIO.o
                0xa0001560                tempCWDobj
                0xa00015a4                fileFoundString
                0xa00017b0                lfnData
                0xa0001db8                gDiskData
                0xa0001de0                gFATBuffer
                0xa0001fe0                cwd
                0xa0002024                gDataBuffer
                0xa0002224                recordFoundName
                0xa0002428                gFileArray
                0xa00024f4                recordSearchName
                0xa00026f8                gFileTemp
                0xa000273c                tempDirectoryString
                0xa0002948                defaultArray
 *fill*         0xa0002952        0x2 00
 COMMON         0xa0002954       0x24 build/default/production/src/spektrumRX.o
                0xa0002954                SPEKTRUM_channelData
                0xa0002960                SPEKTRUM_rawData
 COMMON         0xa0002978        0xa build/default/production/src/ultrasonic.o
                0xa0002978                ULTRASONIC_buffer
 *fill*         0xa0002982        0x2 00
 COMMON         0xa0002984       0x80 build/default/production/src/usb_callback.o
                0xa0002984                USB_Out_Buffer
                0xa00029c4                USB_In_Buffer
 *fill*         0xa0002a04      0x1fc 00
 COMMON         0xa0002c00      0x260 build/default/production/_ext/1309711782/usb_device.o
                0xa0002c00                inPipes
                0xa0002c10                outPipes
                0xa0002c1c                pBDTEntryOut
                0xa0002c28                pBDTEntryIn
                0xa0002e00                BDT
 COMMON         0xa0002e60       0x8c build/default/production/_ext/1163386593/usb_function_cdc.o
                0xa0002e60                cdc_data_tx
                0xa0002ea0                cdc_notice
                0xa0002eac                cdc_data_rx
                0xa0002eec                . = ALIGN ((. != 0x0)?0x4:0x1)
                0xa0002eec                . = ALIGN (0x4)
                0xa0002eec                _end = .
                0xa0002eec                _bss_end = .
                0x00020000                _bmxdudba_address = 0x20000
                0x00020000                _bmxdupba_address = 0x20000

/DISCARD/
 *(.pdr)
 *(.rel.dyn)
 *(.note.GNU-stack)
 *(.note.GNU-stack)
 *(.gnu_debuglink)
 *(.gnu.lto_*)
 *(.discard)

.gptab.sdata
 *(.gptab.data)
 *(.gptab.sdata)

.gptab.sbss
 *(.gptab.bss)
 *(.gptab.sbss)

.mdebug.abi32   0xa0002eec        0x0
 *(.mdebug.abi32)
 .mdebug.abi32  0xa0002eec        0x0 build/default/production/src/adxl345.o
 .mdebug.abi32  0xa0002eec        0x0 build/default/production/src/imu.o
 .mdebug.abi32  0xa0002eec        0x0 build/default/production/src/itg3200.o
 .mdebug.abi32  0xa0002eec        0x0 build/default/production/src/io.o
 .mdebug.abi32  0xa0002eec        0x0 build/default/production/src/pwm.o
 .mdebug.abi32  0xa0002eec        0x0 build/default/production/src/rn131.o
 .mdebug.abi32  0xa0002eec        0x0 build/default/production/_ext/1325148362/FSIO.o
 .mdebug.abi32  0xa0002eec        0x0 build/default/production/_ext/1325148362/SD-SPI.o
 .mdebug.abi32  0xa0002eec        0x0 build/default/production/src/spektrumRX.o
 .mdebug.abi32  0xa0002eec        0x0 build/default/production/src/ultrasonic.o
 .mdebug.abi32  0xa0002eec        0x0 build/default/production/src/usb_descriptors.o
 .mdebug.abi32  0xa0002eec        0x0 build/default/production/src/usb_callback.o
 .mdebug.abi32  0xa0002eec        0x0 build/default/production/_ext/1309711782/usb_device.o
 .mdebug.abi32  0xa0002eec        0x0 build/default/production/_ext/1163386593/usb_function_cdc.o
 .mdebug.abi32  0xa0002eec        0x0 build/default/production/main.o
 .mdebug.abi32  0xa0002eec        0x0 /opt/microchip/xc32/v1.21/bin/../lib/gcc/pic32mx/4.5.2/../../../../pic32mx/lib/libmchp_peripheral.a(open_core_timer_lib.o)
 .mdebug.abi32  0xa0002eec        0x0 /opt/microchip/xc32/v1.21/bin/../lib/gcc/pic32mx/4.5.2/../../../../pic32mx/lib/libmchp_peripheral.a(update_core_timer_lib.o)
 .mdebug.abi32  0xa0002eec        0x0 /opt/microchip/xc32/v1.21/bin/../lib/gcc/pic32mx/4.5.2/../../../../pic32mx/lib/libmchp_peripheral.a(read_core_timer_lib.o)
 .mdebug.abi32  0xa0002eec        0x0 /opt/microchip/xc32/v1.21/bin/../lib/gcc/pic32mx/4.5.2/../../../../pic32mx/lib/libmchp_peripheral_32MX795F512L.a(pcache.o)
 .mdebug.abi32  0xa0002eec        0x0 /opt/microchip/xc32/v1.21/bin/../lib/gcc/pic32mx/4.5.2/../../../../pic32mx/lib/libmchp_peripheral_32MX795F512L.a(int_enable_interrupts_lib.o)
 .mdebug.abi32  0xa0002eec        0x0 /opt/microchip/xc32/v1.21/bin/../lib/gcc/pic32mx/4.5.2/../../../../pic32mx/lib/libmchp_peripheral_32MX795F512L.a(int_disable_interrupts_lib.o)
 .mdebug.abi32  0xa0002eec        0x0 /opt/microchip/xc32/v1.21/bin/../lib/gcc/pic32mx/4.5.2/../../../../pic32mx/lib/libmchp_peripheral_32MX795F512L.a(int_restore_interrupts_lib.o)
 .mdebug.abi32  0xa0002eec        0x0 /opt/microchip/xc32/v1.21/bin/../lib/gcc/pic32mx/4.5.2/../../../../pic32mx/lib/libmchp_peripheral_32MX795F512L.a(int_enable_mv_int_lib.o)
 .mdebug.abi32  0xa0002eec        0x0 /opt/microchip/xc32/v1.21/bin/../lib/gcc/pic32mx/4.5.2/../../../../pic32mx/lib/libmchp_peripheral_32MX795F512L.a(int_tbl_lib.o)
 .mdebug.abi32  0xa0002eec        0x0 /opt/microchip/xc32/v1.21/bin/../lib/gcc/pic32mx/4.5.2/../../../../pic32mx/lib/libmchp_peripheral_32MX795F512L.a(spi_getc_spi1_lib_legacy.o)
 .mdebug.abi32  0xa0002eec        0x0 /opt/microchip/xc32/v1.21/bin/../lib/gcc/pic32mx/4.5.2/../../../../pic32mx/lib/libmchp_peripheral_32MX795F512L.a(spi_open_spi1_lib_legacy.o)
 .mdebug.abi32  0xa0002eec        0x0 /opt/microchip/xc32/v1.21/bin/../lib/gcc/pic32mx/4.5.2/../../../../pic32mx/lib/libmchp_peripheral_32MX795F512L.a(spi_brg_tbl_lib_legacy.o)
 .mdebug.abi32  0xa0002eec        0x0 /opt/microchip/xc32/v1.21/bin/../lib/gcc/pic32mx/4.5.2/../../../../pic32mx/lib/libmchp_peripheral_32MX795F512L.a(dma_chn_set_ev_enable_flags_lib.o)
 .mdebug.abi32  0xa0002eec        0x0 /opt/microchip/xc32/v1.21/bin/../lib/gcc/pic32mx/4.5.2/../../../../pic32mx/lib/libmchp_peripheral_32MX795F512L.a(dma_chn_clr_ev_flags_lib.o)
 .mdebug.abi32  0xa0002eec        0x0 /opt/microchip/xc32/v1.21/bin/../lib/gcc/pic32mx/4.5.2/../../../../pic32mx/lib/libmchp_peripheral_32MX795F512L.a(dma_chn_open_lib.o)
 .mdebug.abi32  0xa0002eec        0x0 /opt/microchip/xc32/v1.21/bin/../lib/gcc/pic32mx/4.5.2/../../../../pic32mx/lib/libmchp_peripheral_32MX795F512L.a(dma_chn_disable_lib.o)
 .mdebug.abi32  0xa0002eec        0x0 /opt/microchip/xc32/v1.21/bin/../lib/gcc/pic32mx/4.5.2/../../../../pic32mx/lib/libmchp_peripheral_32MX795F512L.a(dma_chn_enable_lib.o)
 .mdebug.abi32  0xa0002eec        0x0 /opt/microchip/xc32/v1.21/bin/../lib/gcc/pic32mx/4.5.2/../../../../pic32mx/lib/libmchp_peripheral_32MX795F512L.a(dma_chn_get_ev_flags_lib.o)
 .mdebug.abi32  0xa0002eec        0x0 /opt/microchip/xc32/v1.21/bin/../lib/gcc/pic32mx/4.5.2/../../../../pic32mx/lib/libmchp_peripheral_32MX795F512L.a(dma_chn_write_event_control_flags_lib.o)
 .mdebug.abi32  0xa0002eec        0x0 /opt/microchip/xc32/v1.21/bin/../lib/gcc/pic32mx/4.5.2/../../../../pic32mx/lib/libmchp_peripheral_32MX795F512L.a(dma_chn_set_match_pattern_lib.o)
 .mdebug.abi32  0xa0002eec        0x0 /opt/microchip/xc32/v1.21/bin/../lib/gcc/pic32mx/4.5.2/../../../../pic32mx/lib/libmchp_peripheral_32MX795F512L.a(dma_chn_set_txfer_lib.o)
 .mdebug.abi32  0xa0002eec        0x0 /opt/microchip/xc32/v1.21/bin/../lib/gcc/pic32mx/4.5.2/../../../../pic32mx/lib/libmchp_peripheral_32MX795F512L.a(dma_reg_map_tbl_lib.o)
 .mdebug.abi32  0xa0002eec        0x0 /opt/microchip/xc32/v1.21/bin/../lib/gcc/pic32mx/4.5.2/../../../../pic32mx/lib/libmchp_peripheral_32MX795F512L.a(port_set_pins_digital_in_lib.o)
 .mdebug.abi32  0xa0002eec        0x0 /opt/microchip/xc32/v1.21/bin/../lib/gcc/pic32mx/4.5.2/../../../../pic32mx/lib/libmchp_peripheral_32MX795F512L.a(port_set_pins_digital_out_lib.o)
 .mdebug.abi32  0xa0002eec        0x0 /opt/microchip/xc32/v1.21/bin/../lib/gcc/pic32mx/4.5.2/../../../../pic32mx/lib/libmchp_peripheral_32MX795F512L.a(port_read_bits_lib.o)
 .mdebug.abi32  0xa0002eec        0x0 /opt/microchip/xc32/v1.21/bin/../lib/gcc/pic32mx/4.5.2/../../../../pic32mx/lib/libmchp_peripheral_32MX795F512L.a(port_clear_bits_lib.o)
 .mdebug.abi32  0xa0002eec        0x0 /opt/microchip/xc32/v1.21/bin/../lib/gcc/pic32mx/4.5.2/../../../../pic32mx/lib/libmchp_peripheral_32MX795F512L.a(port_set_bits_lib.o)
 .mdebug.abi32  0xa0002eec        0x0 /opt/microchip/xc32/v1.21/bin/../lib/gcc/pic32mx/4.5.2/../../../../pic32mx/lib/libmchp_peripheral_32MX795F512L.a(port_toggle_bits_lib.o)
 .mdebug.abi32  0xa0002eec        0x0 /opt/microchip/xc32/v1.21/bin/../lib/gcc/pic32mx/4.5.2/../../../../pic32mx/lib/libmchp_peripheral_32MX795F512L.a(_ports_tbl_libp.o)
 .mdebug.abi32  0xa0002eec        0x0 /opt/microchip/xc32/v1.21/bin/../lib/gcc/pic32mx/4.5.2/../../../../pic32mx/lib/libmchp_peripheral_32MX795F512L.a(uart_lib.o)
 .mdebug.abi32  0xa0002eec        0x0 /opt/microchip/xc32/v1.21/bin/../lib/gcc/pic32mx/4.5.2/../../../../pic32mx/lib/libmchp_peripheral_32MX795F512L.a(idle_i2c1_lib_legacy.o)
 .mdebug.abi32  0xa0002eec        0x0 /opt/microchip/xc32/v1.21/bin/../lib/gcc/pic32mx/4.5.2/../../../../pic32mx/lib/libmchp_peripheral_32MX795F512L.a(idle_i2c2_lib_legacy.o)
 .mdebug.abi32  0xa0002eec        0x0 /opt/microchip/xc32/v1.21/bin/../lib/gcc/pic32mx/4.5.2/../../../../pic32mx/lib/libmchp_peripheral_32MX795F512L.a(master_read_i2c1_lib_legacy.o)
 .mdebug.abi32  0xa0002eec        0x0 /opt/microchip/xc32/v1.21/bin/../lib/gcc/pic32mx/4.5.2/../../../../pic32mx/lib/libmchp_peripheral_32MX795F512L.a(master_read_i2c2_lib_legacy.o)
 .mdebug.abi32  0xa0002eec        0x0 /opt/microchip/xc32/v1.21/bin/../lib/gcc/pic32mx/4.5.2/../../../../pic32mx/lib/libmchp_peripheral_32MX795F512L.a(master_write_i2c1_lib_legacy.o)
 .mdebug.abi32  0xa0002eec        0x0 /opt/microchip/xc32/v1.21/bin/../lib/gcc/pic32mx/4.5.2/../../../../pic32mx/lib/libmchp_peripheral_32MX795F512L.a(master_write_i2c2_lib_legacy.o)
 .mdebug.abi32  0xa0002eec        0x0 /opt/microchip/xc32/v1.21/bin/../lib/gcc/pic32mx/4.5.2/libgcc.a(_udivdi3.o)
 .mdebug.abi32  0xa0002eec        0x0 /opt/microchip/xc32/v1.21/bin/../lib/gcc/pic32mx/4.5.2/libgcc.a(_umoddi3.o)
 .mdebug.abi32  0xa0002eec        0x0 /opt/microchip/xc32/v1.21/bin/../lib/gcc/pic32mx/4.5.2/libgcc.a(floatunsisf.o)
 .mdebug.abi32  0xa0002eec        0x0 /opt/microchip/xc32/v1.21/bin/../lib/gcc/pic32mx/4.5.2/../../../../pic32mx/lib/libpic32.a(default-bootstrap-exception-handler.o)
 .mdebug.abi32  0xa0002eec        0x0 /opt/microchip/xc32/v1.21/bin/../lib/gcc/pic32mx/4.5.2/../../../../pic32mx/lib/libpic32.a(default-on-reset.o)
 .mdebug.abi32  0xa0002eec        0x0 /opt/microchip/xc32/v1.21/bin/../lib/gcc/pic32mx/4.5.2/../../../../pic32mx/lib/libpic32.a(default-on-bootstrap.o)
 .mdebug.abi32  0xa0002eec        0x0 /opt/microchip/xc32/v1.21/bin/../lib/gcc/pic32mx/4.5.2/../../../../pic32mx/lib/libpic32.a(default-general-exception-handler.o)
 .mdebug.abi32  0xa0002eec        0x0 /opt/microchip/xc32/v1.21/bin/../lib/gcc/pic32mx/4.5.2/../../../../pic32mx/lib/libpic32.a(defaultinterrupt.o)
 .mdebug.abi32  0xa0002eec        0x0 /opt/microchip/xc32/v1.21/bin/../lib/gcc/pic32mx/4.5.2/../../../../pic32mx/lib/libm.a(w_asinf.o)
 .mdebug.abi32  0xa0002eec        0x0 /opt/microchip/xc32/v1.21/bin/../lib/gcc/pic32mx/4.5.2/../../../../pic32mx/lib/libm.a(w_atan2f.o)
 .mdebug.abi32  0xa0002eec        0x0 /opt/microchip/xc32/v1.21/bin/../lib/gcc/pic32mx/4.5.2/../../../../pic32mx/lib/libm.a(w_sqrtf.o)
 .mdebug.abi32  0xa0002eec        0x0 /opt/microchip/xc32/v1.21/bin/../lib/gcc/pic32mx/4.5.2/../../../../pic32mx/lib/libm.a(s_lib_ver.o)
 .mdebug.abi32  0xa0002eec        0x0 /opt/microchip/xc32/v1.21/bin/../lib/gcc/pic32mx/4.5.2/../../../../pic32mx/lib/libm.a(support.o)
 .mdebug.abi32  0xa0002eec        0x0 /opt/microchip/xc32/v1.21/bin/../lib/gcc/pic32mx/4.5.2/../../../../pic32mx/lib/libm.a(w_ldexp.o)
 .mdebug.abi32  0xa0002eec        0x0 /opt/microchip/xc32/v1.21/bin/../lib/gcc/pic32mx/4.5.2/../../../../pic32mx/lib/libpic32.a(errno.o)
 .mdebug.abi32  0xa0002eec        0x0 /opt/microchip/xc32/v1.21/bin/../lib/gcc/pic32mx/4.5.2/../../../../pic32mx/lib/libpic32.a(isinf.o)
 .mdebug.abi32  0xa0002eec        0x0 /opt/microchip/xc32/v1.21/bin/../lib/gcc/pic32mx/4.5.2/../../../../pic32mx/lib/libc.a(atoi.o)
 .mdebug.abi32  0xa0002eec        0x0 /opt/microchip/xc32/v1.21/bin/../lib/gcc/pic32mx/4.5.2/../../../../pic32mx/lib/libc.a(ctype.o)
 .mdebug.abi32  0xa0002eec        0x0 /opt/microchip/xc32/v1.21/bin/../lib/gcc/pic32mx/4.5.2/../../../../pic32mx/lib/libc.a(ctypef.o)
 .mdebug.abi32  0xa0002eec        0x0 /opt/microchip/xc32/v1.21/bin/../lib/gcc/pic32mx/4.5.2/../../../../pic32mx/lib/libc.a(strncpy.o)
 .mdebug.abi32  0xa0002eec        0x0 /opt/microchip/xc32/v1.21/bin/../lib/gcc/pic32mx/4.5.2/../../../../pic32mx/lib/libc.a(sprintf_cdfFnopsuxX.eo)
 .mdebug.abi32  0xa0002eec        0x0 /opt/microchip/xc32/v1.21/bin/../lib/gcc/pic32mx/4.5.2/../../../../pic32mx/lib/libc.a(sprintf.o)
 .mdebug.abi32  0xa0002eec        0x0 /opt/microchip/xc32/v1.21/bin/../lib/gcc/pic32mx/4.5.2/../../../../pic32mx/lib/libc.a(doprnt_cdfFnopsuxX.eo)
 .mdebug.abi32  0xa0002eec        0x0 /opt/microchip/xc32/v1.21/bin/../lib/gcc/pic32mx/4.5.2/../../../../pic32mx/lib/libc.a(doprnt.o)
 .mdebug.abi32  0xa0002eec        0x0 /opt/microchip/xc32/v1.21/bin/../lib/gcc/pic32mx/4.5.2/../../../../pic32mx/lib/libc.a(_fputc_simple.o)
 .mdebug.abi32  0xa0002eec        0x0 /opt/microchip/xc32/v1.21/bin/../lib/gcc/pic32mx/4.5.2/../../../../pic32mx/lib/libc.a(powersf.o)
 .mdebug.abi32  0xa0002eec        0x0 /opt/microchip/xc32/v1.21/bin/../lib/gcc/pic32mx/4.5.2/../../../../pic32mx/lib/libc.a(_iob.o)
 .mdebug.abi32  0xa0002eec        0x0 /opt/microchip/xc32/v1.21/bin/../lib/gcc/pic32mx/4.5.2/../../../../pic32mx/lib/libc.a(_flsbuf_simple.o)
 .mdebug.abi32  0xa0002eec        0x0 /opt/microchip/xc32/v1.21/bin/../lib/gcc/pic32mx/4.5.2/../../../../pic32mx/lib/libpic32.a(write.o)
 .mdebug.abi32  0xa0002eec        0x0 /opt/microchip/xc32/v1.21/bin/../lib/gcc/pic32mx/4.5.2/../../../../pic32mx/lib/libpic32.a(_mon_putc.o)
 .mdebug.abi32  0xa0002eec        0x0 /opt/microchip/xc32/v1.21/bin/../lib/gcc/pic32mx/4.5.2/../../../../pic32mx/lib/libpic32.a(xc32_uart.o)
 .mdebug.abi32  0xa0002eec        0x0 /opt/microchip/xc32/v1.21/bin/../lib/gcc/pic32mx/4.5.2/../../../../pic32mx/lib/libe.a(_floatdisf.o)
 .mdebug.abi32  0xa0002eec        0x0 /opt/microchip/xc32/v1.21/bin/../lib/gcc/pic32mx/4.5.2/../../../../pic32mx/lib/libe.a(_unorddf2.o)
 .mdebug.abi32  0xa0002eec        0x0 /opt/microchip/xc32/v1.21/bin/../lib/gcc/pic32mx/4.5.2/libgcc.a(_floatundisf.o)

.mdebug.abiN32
 *(.mdebug.abiN32)

.mdebug.abi64
 *(.mdebug.abi64)

.mdebug.abiO64
 *(.mdebug.abiO64)

.mdebug.eabi32
 *(.mdebug.eabi32)

.mdebug.eabi64
 *(.mdebug.eabi64)

.gcc_compiled_long32
 *(.gcc_compiled_long32)

.gcc_compiled_long64
 *(.gcc_compiled_long64)

.stab
 *(.stab)

.stabstr
 *(.stabstr)

.stab.excl
 *(.stab.excl)

.stab.exclstr
 *(.stab.exclstr)

.stab.index
 *(.stab.index)

.stab.indexstr
 *(.stab.indexstr)

.comment        0x00000000      0x1fd
 *(.comment)
 .comment       0x00000000       0x3c build/default/production/src/adxl345.o
                                 0x3d (size before relaxing)
 .comment       0x00000000       0x3d build/default/production/src/imu.o
 .comment       0x00000000       0x3d build/default/production/src/itg3200.o
 .comment       0x00000000       0x3d build/default/production/src/io.o
 .comment       0x00000000       0x3d build/default/production/src/pwm.o
 .comment       0x00000000       0x3d build/default/production/src/rn131.o
 .comment       0x00000000       0x3d build/default/production/_ext/1325148362/FSIO.o
 .comment       0x00000000       0x3d build/default/production/_ext/1325148362/SD-SPI.o
 .comment       0x00000000       0x3d build/default/production/src/spektrumRX.o
 .comment       0x00000000       0x3d build/default/production/src/ultrasonic.o
 .comment       0x00000000       0x3d build/default/production/src/usb_descriptors.o
 .comment       0x00000000       0x3d build/default/production/src/usb_callback.o
 .comment       0x00000000       0x3d build/default/production/_ext/1309711782/usb_device.o
 .comment       0x00000000       0x3d build/default/production/_ext/1163386593/usb_function_cdc.o
 .comment       0x00000000       0x3d build/default/production/main.o
 .comment       0x0000003c       0x3c /opt/microchip/xc32/v1.21/bin/../lib/gcc/pic32mx/4.5.2/../../../../pic32mx/lib/libmchp_peripheral.a(open_core_timer_lib.o)
                                 0x3d (size before relaxing)
 .comment       0x00000000       0x3d /opt/microchip/xc32/v1.21/bin/../lib/gcc/pic32mx/4.5.2/../../../../pic32mx/lib/libmchp_peripheral.a(update_core_timer_lib.o)
 .comment       0x00000000       0x3d /opt/microchip/xc32/v1.21/bin/../lib/gcc/pic32mx/4.5.2/../../../../pic32mx/lib/libmchp_peripheral.a(read_core_timer_lib.o)
 .comment       0x00000000       0x3d /opt/microchip/xc32/v1.21/bin/../lib/gcc/pic32mx/4.5.2/../../../../pic32mx/lib/libmchp_peripheral_32MX795F512L.a(pcache.o)
 .comment       0x00000000       0x3d /opt/microchip/xc32/v1.21/bin/../lib/gcc/pic32mx/4.5.2/../../../../pic32mx/lib/libmchp_peripheral_32MX795F512L.a(int_enable_interrupts_lib.o)
 .comment       0x00000000       0x3d /opt/microchip/xc32/v1.21/bin/../lib/gcc/pic32mx/4.5.2/../../../../pic32mx/lib/libmchp_peripheral_32MX795F512L.a(int_disable_interrupts_lib.o)
 .comment       0x00000000       0x3d /opt/microchip/xc32/v1.21/bin/../lib/gcc/pic32mx/4.5.2/../../../../pic32mx/lib/libmchp_peripheral_32MX795F512L.a(int_restore_interrupts_lib.o)
 .comment       0x00000000       0x3d /opt/microchip/xc32/v1.21/bin/../lib/gcc/pic32mx/4.5.2/../../../../pic32mx/lib/libmchp_peripheral_32MX795F512L.a(int_enable_mv_int_lib.o)
 .comment       0x00000000       0x3d /opt/microchip/xc32/v1.21/bin/../lib/gcc/pic32mx/4.5.2/../../../../pic32mx/lib/libmchp_peripheral_32MX795F512L.a(int_tbl_lib.o)
 .comment       0x00000000       0x3d /opt/microchip/xc32/v1.21/bin/../lib/gcc/pic32mx/4.5.2/../../../../pic32mx/lib/libmchp_peripheral_32MX795F512L.a(spi_getc_spi1_lib_legacy.o)
 .comment       0x00000000       0x3d /opt/microchip/xc32/v1.21/bin/../lib/gcc/pic32mx/4.5.2/../../../../pic32mx/lib/libmchp_peripheral_32MX795F512L.a(spi_open_spi1_lib_legacy.o)
 .comment       0x00000000       0x3d /opt/microchip/xc32/v1.21/bin/../lib/gcc/pic32mx/4.5.2/../../../../pic32mx/lib/libmchp_peripheral_32MX795F512L.a(spi_brg_tbl_lib_legacy.o)
 .comment       0x00000000       0x3d /opt/microchip/xc32/v1.21/bin/../lib/gcc/pic32mx/4.5.2/../../../../pic32mx/lib/libmchp_peripheral_32MX795F512L.a(dma_chn_set_ev_enable_flags_lib.o)
 .comment       0x00000000       0x3d /opt/microchip/xc32/v1.21/bin/../lib/gcc/pic32mx/4.5.2/../../../../pic32mx/lib/libmchp_peripheral_32MX795F512L.a(dma_chn_clr_ev_flags_lib.o)
 .comment       0x00000000       0x3d /opt/microchip/xc32/v1.21/bin/../lib/gcc/pic32mx/4.5.2/../../../../pic32mx/lib/libmchp_peripheral_32MX795F512L.a(dma_chn_open_lib.o)
 .comment       0x00000000       0x3d /opt/microchip/xc32/v1.21/bin/../lib/gcc/pic32mx/4.5.2/../../../../pic32mx/lib/libmchp_peripheral_32MX795F512L.a(dma_chn_disable_lib.o)
 .comment       0x00000000       0x3d /opt/microchip/xc32/v1.21/bin/../lib/gcc/pic32mx/4.5.2/../../../../pic32mx/lib/libmchp_peripheral_32MX795F512L.a(dma_chn_enable_lib.o)
 .comment       0x00000000       0x3d /opt/microchip/xc32/v1.21/bin/../lib/gcc/pic32mx/4.5.2/../../../../pic32mx/lib/libmchp_peripheral_32MX795F512L.a(dma_chn_get_ev_flags_lib.o)
 .comment       0x00000000       0x3d /opt/microchip/xc32/v1.21/bin/../lib/gcc/pic32mx/4.5.2/../../../../pic32mx/lib/libmchp_peripheral_32MX795F512L.a(dma_chn_write_event_control_flags_lib.o)
 .comment       0x00000000       0x3d /opt/microchip/xc32/v1.21/bin/../lib/gcc/pic32mx/4.5.2/../../../../pic32mx/lib/libmchp_peripheral_32MX795F512L.a(dma_chn_set_match_pattern_lib.o)
 .comment       0x00000000       0x3d /opt/microchip/xc32/v1.21/bin/../lib/gcc/pic32mx/4.5.2/../../../../pic32mx/lib/libmchp_peripheral_32MX795F512L.a(dma_chn_set_txfer_lib.o)
 .comment       0x00000000       0x3d /opt/microchip/xc32/v1.21/bin/../lib/gcc/pic32mx/4.5.2/../../../../pic32mx/lib/libmchp_peripheral_32MX795F512L.a(dma_reg_map_tbl_lib.o)
 .comment       0x00000000       0x3d /opt/microchip/xc32/v1.21/bin/../lib/gcc/pic32mx/4.5.2/../../../../pic32mx/lib/libmchp_peripheral_32MX795F512L.a(port_set_pins_digital_in_lib.o)
 .comment       0x00000000       0x3d /opt/microchip/xc32/v1.21/bin/../lib/gcc/pic32mx/4.5.2/../../../../pic32mx/lib/libmchp_peripheral_32MX795F512L.a(port_set_pins_digital_out_lib.o)
 .comment       0x00000000       0x3d /opt/microchip/xc32/v1.21/bin/../lib/gcc/pic32mx/4.5.2/../../../../pic32mx/lib/libmchp_peripheral_32MX795F512L.a(port_read_bits_lib.o)
 .comment       0x00000000       0x3d /opt/microchip/xc32/v1.21/bin/../lib/gcc/pic32mx/4.5.2/../../../../pic32mx/lib/libmchp_peripheral_32MX795F512L.a(port_clear_bits_lib.o)
 .comment       0x00000000       0x3d /opt/microchip/xc32/v1.21/bin/../lib/gcc/pic32mx/4.5.2/../../../../pic32mx/lib/libmchp_peripheral_32MX795F512L.a(port_set_bits_lib.o)
 .comment       0x00000000       0x3d /opt/microchip/xc32/v1.21/bin/../lib/gcc/pic32mx/4.5.2/../../../../pic32mx/lib/libmchp_peripheral_32MX795F512L.a(port_toggle_bits_lib.o)
 .comment       0x00000000       0x3d /opt/microchip/xc32/v1.21/bin/../lib/gcc/pic32mx/4.5.2/../../../../pic32mx/lib/libmchp_peripheral_32MX795F512L.a(_ports_tbl_libp.o)
 .comment       0x00000000       0x3d /opt/microchip/xc32/v1.21/bin/../lib/gcc/pic32mx/4.5.2/../../../../pic32mx/lib/libmchp_peripheral_32MX795F512L.a(uart_lib.o)
 .comment       0x00000000       0x3d /opt/microchip/xc32/v1.21/bin/../lib/gcc/pic32mx/4.5.2/../../../../pic32mx/lib/libmchp_peripheral_32MX795F512L.a(idle_i2c1_lib_legacy.o)
 .comment       0x00000000       0x3d /opt/microchip/xc32/v1.21/bin/../lib/gcc/pic32mx/4.5.2/../../../../pic32mx/lib/libmchp_peripheral_32MX795F512L.a(idle_i2c2_lib_legacy.o)
 .comment       0x00000000       0x3d /opt/microchip/xc32/v1.21/bin/../lib/gcc/pic32mx/4.5.2/../../../../pic32mx/lib/libmchp_peripheral_32MX795F512L.a(master_read_i2c1_lib_legacy.o)
 .comment       0x00000000       0x3d /opt/microchip/xc32/v1.21/bin/../lib/gcc/pic32mx/4.5.2/../../../../pic32mx/lib/libmchp_peripheral_32MX795F512L.a(master_read_i2c2_lib_legacy.o)
 .comment       0x00000000       0x3d /opt/microchip/xc32/v1.21/bin/../lib/gcc/pic32mx/4.5.2/../../../../pic32mx/lib/libmchp_peripheral_32MX795F512L.a(master_write_i2c1_lib_legacy.o)
 .comment       0x00000000       0x3d /opt/microchip/xc32/v1.21/bin/../lib/gcc/pic32mx/4.5.2/../../../../pic32mx/lib/libmchp_peripheral_32MX795F512L.a(master_write_i2c2_lib_legacy.o)
 .comment       0x00000000       0x3d /opt/microchip/xc32/v1.21/bin/../lib/gcc/pic32mx/4.5.2/libgcc.a(_udivdi3.o)
 .comment       0x00000000       0x3d /opt/microchip/xc32/v1.21/bin/../lib/gcc/pic32mx/4.5.2/libgcc.a(_umoddi3.o)
 .comment       0x00000000       0x3d /opt/microchip/xc32/v1.21/bin/../lib/gcc/pic32mx/4.5.2/libgcc.a(floatunsisf.o)
 .comment       0x00000078       0x18 /opt/microchip/xc32/v1.21/bin/../lib/gcc/pic32mx/4.5.2/../../../../pic32mx/lib/libpic32.a(memset.o)
                                 0x19 (size before relaxing)
 .comment       0x00000090       0x19 /opt/microchip/xc32/v1.21/bin/../lib/gcc/pic32mx/4.5.2/../../../../pic32mx/lib/libpic32.a(strcpy.o)
                                 0x1a (size before relaxing)
 .comment       0x000000a9       0x19 /opt/microchip/xc32/v1.21/bin/../lib/gcc/pic32mx/4.5.2/../../../../pic32mx/lib/libpic32.a(strlen.o)
                                 0x1a (size before relaxing)
 .comment       0x00000000       0x3d /opt/microchip/xc32/v1.21/bin/../lib/gcc/pic32mx/4.5.2/../../../../pic32mx/lib/libpic32.a(default-bootstrap-exception-handler.o)
 .comment       0x00000000       0x3d /opt/microchip/xc32/v1.21/bin/../lib/gcc/pic32mx/4.5.2/../../../../pic32mx/lib/libpic32.a(default-on-reset.o)
 .comment       0x00000000       0x3d /opt/microchip/xc32/v1.21/bin/../lib/gcc/pic32mx/4.5.2/../../../../pic32mx/lib/libpic32.a(default-on-bootstrap.o)
 .comment       0x00000000       0x3d /opt/microchip/xc32/v1.21/bin/../lib/gcc/pic32mx/4.5.2/../../../../pic32mx/lib/libpic32.a(default-general-exception-handler.o)
 .comment       0x00000000       0x3d /opt/microchip/xc32/v1.21/bin/../lib/gcc/pic32mx/4.5.2/../../../../pic32mx/lib/libpic32.a(defaultinterrupt.o)
 .comment       0x00000000       0x3d /opt/microchip/xc32/v1.21/bin/../lib/gcc/pic32mx/4.5.2/../../../../pic32mx/lib/libm.a(w_asinf.o)
 .comment       0x00000000       0x3d /opt/microchip/xc32/v1.21/bin/../lib/gcc/pic32mx/4.5.2/../../../../pic32mx/lib/libm.a(w_atan2f.o)
 .comment       0x00000000       0x3d /opt/microchip/xc32/v1.21/bin/../lib/gcc/pic32mx/4.5.2/../../../../pic32mx/lib/libm.a(w_sqrtf.o)
 .comment       0x00000000       0x3d /opt/microchip/xc32/v1.21/bin/../lib/gcc/pic32mx/4.5.2/../../../../pic32mx/lib/libm.a(s_lib_ver.o)
 .comment       0x00000000       0x3d /opt/microchip/xc32/v1.21/bin/../lib/gcc/pic32mx/4.5.2/../../../../pic32mx/lib/libm.a(support.o)
 .comment       0x00000000       0x3d /opt/microchip/xc32/v1.21/bin/../lib/gcc/pic32mx/4.5.2/../../../../pic32mx/lib/libm.a(w_ldexp.o)
 .comment       0x00000000       0x3d /opt/microchip/xc32/v1.21/bin/../lib/gcc/pic32mx/4.5.2/../../../../pic32mx/lib/libpic32.a(errno.o)
 .comment       0x00000000       0x3d /opt/microchip/xc32/v1.21/bin/../lib/gcc/pic32mx/4.5.2/../../../../pic32mx/lib/libpic32.a(isinf.o)
 .comment       0x00000000       0x3d /opt/microchip/xc32/v1.21/bin/../lib/gcc/pic32mx/4.5.2/../../../../pic32mx/lib/libc.a(atoi.o)
 .comment       0x000000c2       0x4e /opt/microchip/xc32/v1.21/bin/../lib/gcc/pic32mx/4.5.2/../../../../pic32mx/lib/libc.a(ctype.o)
                                 0x8b (size before relaxing)
 .comment       0x00000110       0x4f /opt/microchip/xc32/v1.21/bin/../lib/gcc/pic32mx/4.5.2/../../../../pic32mx/lib/libc.a(ctypef.o)
                                 0x8c (size before relaxing)
 .comment       0x00000000       0x3d /opt/microchip/xc32/v1.21/bin/../lib/gcc/pic32mx/4.5.2/../../../../pic32mx/lib/libc.a(strncpy.o)
 .comment       0x00000000       0x3d /opt/microchip/xc32/v1.21/bin/../lib/gcc/pic32mx/4.5.2/../../../../pic32mx/lib/libc.a(sprintf_cdfFnopsuxX.eo)
 .comment       0x00000000       0x3d /opt/microchip/xc32/v1.21/bin/../lib/gcc/pic32mx/4.5.2/../../../../pic32mx/lib/libc.a(sprintf.o)
 .comment       0x00000000       0x3d /opt/microchip/xc32/v1.21/bin/../lib/gcc/pic32mx/4.5.2/../../../../pic32mx/lib/libc.a(doprnt_cdfFnopsuxX.eo)
 .comment       0x00000000       0x3d /opt/microchip/xc32/v1.21/bin/../lib/gcc/pic32mx/4.5.2/../../../../pic32mx/lib/libc.a(doprnt.o)
 .comment       0x00000000       0x3d /opt/microchip/xc32/v1.21/bin/../lib/gcc/pic32mx/4.5.2/../../../../pic32mx/lib/libc.a(_fputc_simple.o)
 .comment       0x00000000       0x3d /opt/microchip/xc32/v1.21/bin/../lib/gcc/pic32mx/4.5.2/../../../../pic32mx/lib/libc.a(powersf.o)
 .comment       0x00000000       0x3d /opt/microchip/xc32/v1.21/bin/../lib/gcc/pic32mx/4.5.2/../../../../pic32mx/lib/libc.a(_iob.o)
 .comment       0x00000000       0x3d /opt/microchip/xc32/v1.21/bin/../lib/gcc/pic32mx/4.5.2/../../../../pic32mx/lib/libc.a(_flsbuf_simple.o)
 .comment       0x00000000       0x3d /opt/microchip/xc32/v1.21/bin/../lib/gcc/pic32mx/4.5.2/../../../../pic32mx/lib/libpic32.a(write.o)
 .comment       0x00000000       0x3d /opt/microchip/xc32/v1.21/bin/../lib/gcc/pic32mx/4.5.2/../../../../pic32mx/lib/libpic32.a(_mon_putc.o)
 .comment       0x00000000       0x3d /opt/microchip/xc32/v1.21/bin/../lib/gcc/pic32mx/4.5.2/../../../../pic32mx/lib/libpic32.a(xc32_uart.o)
 .comment       0x0000015f       0x9e /opt/microchip/xc32/v1.21/bin/../lib/gcc/pic32mx/4.5.2/../../../../pic32mx/lib/libe.a(_floatdisf.o)
                                 0xdb (size before relaxing)
 .comment       0x00000000       0x8b /opt/microchip/xc32/v1.21/bin/../lib/gcc/pic32mx/4.5.2/../../../../pic32mx/lib/libe.a(_unorddf2.o)
 .comment       0x00000000       0x3d /opt/microchip/xc32/v1.21/bin/../lib/gcc/pic32mx/4.5.2/libgcc.a(_floatundisf.o)

.debug
 *(.debug)

.line
 *(.line)

.debug_srcinfo
 *(.debug_srcinfo)

.debug_sfnames
 *(.debug_sfnames)

.debug_aranges  0x00000000      0xaf8
 *(.debug_aranges)
 .debug_aranges
                0x00000000       0x20 build/default/production/src/adxl345.o
 .debug_aranges
                0x00000020       0x20 build/default/production/src/imu.o
 .debug_aranges
                0x00000040       0x20 build/default/production/src/itg3200.o
 .debug_aranges
                0x00000060       0x20 build/default/production/src/io.o
 .debug_aranges
                0x00000080       0x20 build/default/production/src/pwm.o
 .debug_aranges
                0x000000a0       0x20 build/default/production/src/rn131.o
 .debug_aranges
                0x000000c0       0x20 build/default/production/_ext/1325148362/FSIO.o
 .debug_aranges
                0x000000e0       0x20 build/default/production/_ext/1325148362/SD-SPI.o
 .debug_aranges
                0x00000100       0x20 build/default/production/src/spektrumRX.o
 .debug_aranges
                0x00000120       0x20 build/default/production/src/ultrasonic.o
 .debug_aranges
                0x00000140       0x20 build/default/production/src/usb_callback.o
 .debug_aranges
                0x00000160       0x20 build/default/production/_ext/1309711782/usb_device.o
 .debug_aranges
                0x00000180       0x20 build/default/production/_ext/1163386593/usb_function_cdc.o
 .debug_aranges
                0x000001a0       0x20 build/default/production/main.o
 .debug_aranges
                0x000001c0       0x20 /opt/microchip/xc32/v1.21/bin/../lib/gcc/pic32mx/4.5.2/../../../../pic32mx/lib/libmchp_peripheral.a(open_core_timer_lib.o)
 .debug_aranges
                0x000001e0       0x20 /opt/microchip/xc32/v1.21/bin/../lib/gcc/pic32mx/4.5.2/../../../../pic32mx/lib/libmchp_peripheral.a(update_core_timer_lib.o)
 .debug_aranges
                0x00000200       0x20 /opt/microchip/xc32/v1.21/bin/../lib/gcc/pic32mx/4.5.2/../../../../pic32mx/lib/libmchp_peripheral.a(read_core_timer_lib.o)
 .debug_aranges
                0x00000220       0x28 /opt/microchip/xc32/v1.21/bin/../lib/gcc/pic32mx/4.5.2/../../../../pic32mx/lib/libmchp_peripheral_32MX795F512L.a(pcache.o)
 .debug_aranges
                0x00000248       0x20 /opt/microchip/xc32/v1.21/bin/../lib/gcc/pic32mx/4.5.2/../../../../pic32mx/lib/libmchp_peripheral_32MX795F512L.a(int_enable_interrupts_lib.o)
 .debug_aranges
                0x00000268       0x20 /opt/microchip/xc32/v1.21/bin/../lib/gcc/pic32mx/4.5.2/../../../../pic32mx/lib/libmchp_peripheral_32MX795F512L.a(int_disable_interrupts_lib.o)
 .debug_aranges
                0x00000288       0x20 /opt/microchip/xc32/v1.21/bin/../lib/gcc/pic32mx/4.5.2/../../../../pic32mx/lib/libmchp_peripheral_32MX795F512L.a(int_restore_interrupts_lib.o)
 .debug_aranges
                0x000002a8       0x20 /opt/microchip/xc32/v1.21/bin/../lib/gcc/pic32mx/4.5.2/../../../../pic32mx/lib/libmchp_peripheral_32MX795F512L.a(int_enable_mv_int_lib.o)
 .debug_aranges
                0x000002c8       0x60 /opt/microchip/xc32/v1.21/bin/../lib/gcc/pic32mx/4.5.2/../../../../pic32mx/lib/libmchp_peripheral_32MX795F512L.a(int_tbl_lib.o)
 .debug_aranges
                0x00000328       0x20 /opt/microchip/xc32/v1.21/bin/../lib/gcc/pic32mx/4.5.2/../../../../pic32mx/lib/libmchp_peripheral_32MX795F512L.a(spi_getc_spi1_lib_legacy.o)
 .debug_aranges
                0x00000348       0x20 /opt/microchip/xc32/v1.21/bin/../lib/gcc/pic32mx/4.5.2/../../../../pic32mx/lib/libmchp_peripheral_32MX795F512L.a(spi_open_spi1_lib_legacy.o)
 .debug_aranges
                0x00000368       0x20 /opt/microchip/xc32/v1.21/bin/../lib/gcc/pic32mx/4.5.2/../../../../pic32mx/lib/libmchp_peripheral_32MX795F512L.a(dma_chn_set_ev_enable_flags_lib.o)
 .debug_aranges
                0x00000388       0x20 /opt/microchip/xc32/v1.21/bin/../lib/gcc/pic32mx/4.5.2/../../../../pic32mx/lib/libmchp_peripheral_32MX795F512L.a(dma_chn_clr_ev_flags_lib.o)
 .debug_aranges
                0x000003a8       0x20 /opt/microchip/xc32/v1.21/bin/../lib/gcc/pic32mx/4.5.2/../../../../pic32mx/lib/libmchp_peripheral_32MX795F512L.a(dma_chn_open_lib.o)
 .debug_aranges
                0x000003c8       0x20 /opt/microchip/xc32/v1.21/bin/../lib/gcc/pic32mx/4.5.2/../../../../pic32mx/lib/libmchp_peripheral_32MX795F512L.a(dma_chn_disable_lib.o)
 .debug_aranges
                0x000003e8       0x20 /opt/microchip/xc32/v1.21/bin/../lib/gcc/pic32mx/4.5.2/../../../../pic32mx/lib/libmchp_peripheral_32MX795F512L.a(dma_chn_enable_lib.o)
 .debug_aranges
                0x00000408       0x20 /opt/microchip/xc32/v1.21/bin/../lib/gcc/pic32mx/4.5.2/../../../../pic32mx/lib/libmchp_peripheral_32MX795F512L.a(dma_chn_get_ev_flags_lib.o)
 .debug_aranges
                0x00000428       0x20 /opt/microchip/xc32/v1.21/bin/../lib/gcc/pic32mx/4.5.2/../../../../pic32mx/lib/libmchp_peripheral_32MX795F512L.a(dma_chn_write_event_control_flags_lib.o)
 .debug_aranges
                0x00000448       0x20 /opt/microchip/xc32/v1.21/bin/../lib/gcc/pic32mx/4.5.2/../../../../pic32mx/lib/libmchp_peripheral_32MX795F512L.a(dma_chn_set_match_pattern_lib.o)
 .debug_aranges
                0x00000468       0x20 /opt/microchip/xc32/v1.21/bin/../lib/gcc/pic32mx/4.5.2/../../../../pic32mx/lib/libmchp_peripheral_32MX795F512L.a(dma_chn_set_txfer_lib.o)
 .debug_aranges
                0x00000488       0x20 /opt/microchip/xc32/v1.21/bin/../lib/gcc/pic32mx/4.5.2/../../../../pic32mx/lib/libmchp_peripheral_32MX795F512L.a(port_set_pins_digital_in_lib.o)
 .debug_aranges
                0x000004a8       0x20 /opt/microchip/xc32/v1.21/bin/../lib/gcc/pic32mx/4.5.2/../../../../pic32mx/lib/libmchp_peripheral_32MX795F512L.a(port_set_pins_digital_out_lib.o)
 .debug_aranges
                0x000004c8       0x20 /opt/microchip/xc32/v1.21/bin/../lib/gcc/pic32mx/4.5.2/../../../../pic32mx/lib/libmchp_peripheral_32MX795F512L.a(port_read_bits_lib.o)
 .debug_aranges
                0x000004e8       0x20 /opt/microchip/xc32/v1.21/bin/../lib/gcc/pic32mx/4.5.2/../../../../pic32mx/lib/libmchp_peripheral_32MX795F512L.a(port_clear_bits_lib.o)
 .debug_aranges
                0x00000508       0x20 /opt/microchip/xc32/v1.21/bin/../lib/gcc/pic32mx/4.5.2/../../../../pic32mx/lib/libmchp_peripheral_32MX795F512L.a(port_set_bits_lib.o)
 .debug_aranges
                0x00000528       0x20 /opt/microchip/xc32/v1.21/bin/../lib/gcc/pic32mx/4.5.2/../../../../pic32mx/lib/libmchp_peripheral_32MX795F512L.a(port_toggle_bits_lib.o)
 .debug_aranges
                0x00000548       0x58 /opt/microchip/xc32/v1.21/bin/../lib/gcc/pic32mx/4.5.2/../../../../pic32mx/lib/libmchp_peripheral_32MX795F512L.a(uart_lib.o)
 .debug_aranges
                0x000005a0       0x20 /opt/microchip/xc32/v1.21/bin/../lib/gcc/pic32mx/4.5.2/../../../../pic32mx/lib/libmchp_peripheral_32MX795F512L.a(idle_i2c1_lib_legacy.o)
 .debug_aranges
                0x000005c0       0x20 /opt/microchip/xc32/v1.21/bin/../lib/gcc/pic32mx/4.5.2/../../../../pic32mx/lib/libmchp_peripheral_32MX795F512L.a(idle_i2c2_lib_legacy.o)
 .debug_aranges
                0x000005e0       0x20 /opt/microchip/xc32/v1.21/bin/../lib/gcc/pic32mx/4.5.2/../../../../pic32mx/lib/libmchp_peripheral_32MX795F512L.a(master_read_i2c1_lib_legacy.o)
 .debug_aranges
                0x00000600       0x20 /opt/microchip/xc32/v1.21/bin/../lib/gcc/pic32mx/4.5.2/../../../../pic32mx/lib/libmchp_peripheral_32MX795F512L.a(master_read_i2c2_lib_legacy.o)
 .debug_aranges
                0x00000620       0x20 /opt/microchip/xc32/v1.21/bin/../lib/gcc/pic32mx/4.5.2/../../../../pic32mx/lib/libmchp_peripheral_32MX795F512L.a(master_write_i2c1_lib_legacy.o)
 .debug_aranges
                0x00000640       0x20 /opt/microchip/xc32/v1.21/bin/../lib/gcc/pic32mx/4.5.2/../../../../pic32mx/lib/libmchp_peripheral_32MX795F512L.a(master_write_i2c2_lib_legacy.o)
 .debug_aranges
                0x00000660       0x20 /opt/microchip/xc32/v1.21/bin/../lib/gcc/pic32mx/4.5.2/libgcc.a(_udivdi3.o)
 .debug_aranges
                0x00000680       0x20 /opt/microchip/xc32/v1.21/bin/../lib/gcc/pic32mx/4.5.2/libgcc.a(_umoddi3.o)
 .debug_aranges
                0x000006a0       0x20 /opt/microchip/xc32/v1.21/bin/../lib/gcc/pic32mx/4.5.2/libgcc.a(floatunsisf.o)
 .debug_aranges
                0x000006c0       0x20 /opt/microchip/xc32/v1.21/bin/../lib/gcc/pic32mx/4.5.2/../../../../pic32mx/lib/libpic32.a(default-bootstrap-exception-handler.o)
 .debug_aranges
                0x000006e0       0x20 /opt/microchip/xc32/v1.21/bin/../lib/gcc/pic32mx/4.5.2/../../../../pic32mx/lib/libpic32.a(default-on-reset.o)
 .debug_aranges
                0x00000700       0x20 /opt/microchip/xc32/v1.21/bin/../lib/gcc/pic32mx/4.5.2/../../../../pic32mx/lib/libpic32.a(default-on-bootstrap.o)
 .debug_aranges
                0x00000720       0x20 /opt/microchip/xc32/v1.21/bin/../lib/gcc/pic32mx/4.5.2/../../../../pic32mx/lib/libpic32.a(default-general-exception-handler.o)
 .debug_aranges
                0x00000740       0x20 /opt/microchip/xc32/v1.21/bin/../lib/gcc/pic32mx/4.5.2/../../../../pic32mx/lib/libpic32.a(defaultinterrupt.o)
 .debug_aranges
                0x00000760       0x20 /opt/microchip/xc32/v1.21/bin/../lib/gcc/pic32mx/4.5.2/../../../../pic32mx/lib/libm.a(w_asinf.o)
 .debug_aranges
                0x00000780       0x20 /opt/microchip/xc32/v1.21/bin/../lib/gcc/pic32mx/4.5.2/../../../../pic32mx/lib/libm.a(w_atan2f.o)
 .debug_aranges
                0x000007a0       0x20 /opt/microchip/xc32/v1.21/bin/../lib/gcc/pic32mx/4.5.2/../../../../pic32mx/lib/libm.a(w_sqrtf.o)
 .debug_aranges
                0x000007c0       0x78 /opt/microchip/xc32/v1.21/bin/../lib/gcc/pic32mx/4.5.2/../../../../pic32mx/lib/libm.a(support.o)
 .debug_aranges
                0x00000838       0x20 /opt/microchip/xc32/v1.21/bin/../lib/gcc/pic32mx/4.5.2/../../../../pic32mx/lib/libm.a(w_ldexp.o)
 .debug_aranges
                0x00000858       0x48 /opt/microchip/xc32/v1.21/bin/../lib/gcc/pic32mx/4.5.2/../../../../pic32mx/lib/libpic32.a(isinf.o)
 .debug_aranges
                0x000008a0       0x20 /opt/microchip/xc32/v1.21/bin/../lib/gcc/pic32mx/4.5.2/../../../../pic32mx/lib/libc.a(atoi.o)
 .debug_aranges
                0x000008c0       0xa0 /opt/microchip/xc32/v1.21/bin/../lib/gcc/pic32mx/4.5.2/../../../../pic32mx/lib/libc.a(ctypef.o)
 .debug_aranges
                0x00000960       0x20 /opt/microchip/xc32/v1.21/bin/../lib/gcc/pic32mx/4.5.2/../../../../pic32mx/lib/libc.a(strncpy.o)
 .debug_aranges
                0x00000980       0x20 /opt/microchip/xc32/v1.21/bin/../lib/gcc/pic32mx/4.5.2/../../../../pic32mx/lib/libc.a(sprintf_cdfFnopsuxX.eo)
 .debug_aranges
                0x000009a0       0x20 /opt/microchip/xc32/v1.21/bin/../lib/gcc/pic32mx/4.5.2/../../../../pic32mx/lib/libc.a(sprintf.o)
 .debug_aranges
                0x000009c0       0x28 /opt/microchip/xc32/v1.21/bin/../lib/gcc/pic32mx/4.5.2/../../../../pic32mx/lib/libc.a(doprnt_cdfFnopsuxX.eo)
 .debug_aranges
                0x000009e8       0x30 /opt/microchip/xc32/v1.21/bin/../lib/gcc/pic32mx/4.5.2/../../../../pic32mx/lib/libc.a(doprnt.o)
 .debug_aranges
                0x00000a18       0x20 /opt/microchip/xc32/v1.21/bin/../lib/gcc/pic32mx/4.5.2/../../../../pic32mx/lib/libc.a(_fputc_simple.o)
 .debug_aranges
                0x00000a38       0x20 /opt/microchip/xc32/v1.21/bin/../lib/gcc/pic32mx/4.5.2/../../../../pic32mx/lib/libc.a(_flsbuf_simple.o)
 .debug_aranges
                0x00000a58       0x20 /opt/microchip/xc32/v1.21/bin/../lib/gcc/pic32mx/4.5.2/../../../../pic32mx/lib/libpic32.a(write.o)
 .debug_aranges
                0x00000a78       0x20 /opt/microchip/xc32/v1.21/bin/../lib/gcc/pic32mx/4.5.2/../../../../pic32mx/lib/libpic32.a(_mon_putc.o)
 .debug_aranges
                0x00000a98       0x20 /opt/microchip/xc32/v1.21/bin/../lib/gcc/pic32mx/4.5.2/../../../../pic32mx/lib/libe.a(_floatdisf.o)
 .debug_aranges
                0x00000ab8       0x20 /opt/microchip/xc32/v1.21/bin/../lib/gcc/pic32mx/4.5.2/../../../../pic32mx/lib/libe.a(_unorddf2.o)
 .debug_aranges
                0x00000ad8       0x20 /opt/microchip/xc32/v1.21/bin/../lib/gcc/pic32mx/4.5.2/libgcc.a(_floatundisf.o)

.debug_pubnames
                0x00000000     0x4023
 *(.debug_pubnames)
 .debug_pubnames
                0x00000000      0x1e4 build/default/production/src/adxl345.o
 .debug_pubnames
                0x000001e4      0x361 build/default/production/src/imu.o
 .debug_pubnames
                0x00000545      0x398 build/default/production/src/itg3200.o
 .debug_pubnames
                0x000008dd      0xbeb build/default/production/src/io.o
 .debug_pubnames
                0x000014c8       0x70 build/default/production/src/pwm.o
 .debug_pubnames
                0x00001538      0x680 build/default/production/src/rn131.o
 .debug_pubnames
                0x00001bb8      0x76f build/default/production/_ext/1325148362/FSIO.o
 .debug_pubnames
                0x00002327      0x1fc build/default/production/_ext/1325148362/SD-SPI.o
 .debug_pubnames
                0x00002523      0x654 build/default/production/src/spektrumRX.o
 .debug_pubnames
                0x00002b77      0x1cd build/default/production/src/ultrasonic.o
 .debug_pubnames
                0x00002d44       0x73 build/default/production/src/usb_descriptors.o
 .debug_pubnames
                0x00002db7      0x126 build/default/production/src/usb_callback.o
 .debug_pubnames
                0x00002edd      0x33a build/default/production/_ext/1309711782/usb_device.o
 .debug_pubnames
                0x00003217      0x1b2 build/default/production/_ext/1163386593/usb_function_cdc.o
 .debug_pubnames
                0x000033c9      0x108 build/default/production/main.o
 .debug_pubnames
                0x000034d1       0x24 /opt/microchip/xc32/v1.21/bin/../lib/gcc/pic32mx/4.5.2/../../../../pic32mx/lib/libmchp_peripheral.a(open_core_timer_lib.o)
 .debug_pubnames
                0x000034f5       0x26 /opt/microchip/xc32/v1.21/bin/../lib/gcc/pic32mx/4.5.2/../../../../pic32mx/lib/libmchp_peripheral.a(update_core_timer_lib.o)
 .debug_pubnames
                0x0000351b       0x24 /opt/microchip/xc32/v1.21/bin/../lib/gcc/pic32mx/4.5.2/../../../../pic32mx/lib/libmchp_peripheral.a(read_core_timer_lib.o)
 .debug_pubnames
                0x0000353f       0x3b /opt/microchip/xc32/v1.21/bin/../lib/gcc/pic32mx/4.5.2/../../../../pic32mx/lib/libmchp_peripheral_32MX795F512L.a(pcache.o)
 .debug_pubnames
                0x0000357a       0x2a /opt/microchip/xc32/v1.21/bin/../lib/gcc/pic32mx/4.5.2/../../../../pic32mx/lib/libmchp_peripheral_32MX795F512L.a(int_enable_interrupts_lib.o)
 .debug_pubnames
                0x000035a4       0x2b /opt/microchip/xc32/v1.21/bin/../lib/gcc/pic32mx/4.5.2/../../../../pic32mx/lib/libmchp_peripheral_32MX795F512L.a(int_disable_interrupts_lib.o)
 .debug_pubnames
                0x000035cf       0x2b /opt/microchip/xc32/v1.21/bin/../lib/gcc/pic32mx/4.5.2/../../../../pic32mx/lib/libmchp_peripheral_32MX795F512L.a(int_restore_interrupts_lib.o)
 .debug_pubnames
                0x000035fa       0x36 /opt/microchip/xc32/v1.21/bin/../lib/gcc/pic32mx/4.5.2/../../../../pic32mx/lib/libmchp_peripheral_32MX795F512L.a(int_enable_mv_int_lib.o)
 .debug_pubnames
                0x00003630       0xca /opt/microchip/xc32/v1.21/bin/../lib/gcc/pic32mx/4.5.2/../../../../pic32mx/lib/libmchp_peripheral_32MX795F512L.a(int_tbl_lib.o)
 .debug_pubnames
                0x000036fa       0x1f /opt/microchip/xc32/v1.21/bin/../lib/gcc/pic32mx/4.5.2/../../../../pic32mx/lib/libmchp_peripheral_32MX795F512L.a(spi_getc_spi1_lib_legacy.o)
 .debug_pubnames
                0x00003719       0x1f /opt/microchip/xc32/v1.21/bin/../lib/gcc/pic32mx/4.5.2/../../../../pic32mx/lib/libmchp_peripheral_32MX795F512L.a(spi_open_spi1_lib_legacy.o)
 .debug_pubnames
                0x00003738       0x2d /opt/microchip/xc32/v1.21/bin/../lib/gcc/pic32mx/4.5.2/../../../../pic32mx/lib/libmchp_peripheral_32MX795F512L.a(dma_chn_set_ev_enable_flags_lib.o)
 .debug_pubnames
                0x00003765       0x27 /opt/microchip/xc32/v1.21/bin/../lib/gcc/pic32mx/4.5.2/../../../../pic32mx/lib/libmchp_peripheral_32MX795F512L.a(dma_chn_clr_ev_flags_lib.o)
 .debug_pubnames
                0x0000378c       0x21 /opt/microchip/xc32/v1.21/bin/../lib/gcc/pic32mx/4.5.2/../../../../pic32mx/lib/libmchp_peripheral_32MX795F512L.a(dma_chn_open_lib.o)
 .debug_pubnames
                0x000037ad       0x24 /opt/microchip/xc32/v1.21/bin/../lib/gcc/pic32mx/4.5.2/../../../../pic32mx/lib/libmchp_peripheral_32MX795F512L.a(dma_chn_disable_lib.o)
 .debug_pubnames
                0x000037d1       0x23 /opt/microchip/xc32/v1.21/bin/../lib/gcc/pic32mx/4.5.2/../../../../pic32mx/lib/libmchp_peripheral_32MX795F512L.a(dma_chn_enable_lib.o)
 .debug_pubnames
                0x000037f4       0x27 /opt/microchip/xc32/v1.21/bin/../lib/gcc/pic32mx/4.5.2/../../../../pic32mx/lib/libmchp_peripheral_32MX795F512L.a(dma_chn_get_ev_flags_lib.o)
 .debug_pubnames
                0x0000381b       0x33 /opt/microchip/xc32/v1.21/bin/../lib/gcc/pic32mx/4.5.2/../../../../pic32mx/lib/libmchp_peripheral_32MX795F512L.a(dma_chn_write_event_control_flags_lib.o)
 .debug_pubnames
                0x0000384e       0x2c /opt/microchip/xc32/v1.21/bin/../lib/gcc/pic32mx/4.5.2/../../../../pic32mx/lib/libmchp_peripheral_32MX795F512L.a(dma_chn_set_match_pattern_lib.o)